Using pre-set license
Built from '2021.3/evg/staging/82bb020e-b03b1330/draft-0' branch; Version is '2021.3.16f1 (4016570cf34f) revision 4200023'; Using compiler version '192829333'; Build Type 'Release'
OS: 'Windows 10  (10.0.19045) 64bit Professional' Language: 'es' Physical Memory: 16223 MB
BatchMode: 1, IsHumanControllingUs: 0, StartBugReporterOnCrash: 0, Is64bit: 1, IsPro: 1

COMMAND LINE ARGUMENTS:
C:\Program Files\Unity\Hub\Editor\2021.3.16f1\Editor\Unity.exe
-adb2
-batchMode
-noUpm
-name
AssetImportWorker0
-projectPath
C:/Users/rocio/Documents/GitHub/TP-GAME
-logFile
Logs/AssetImportWorker0.log
-srvPort
64606
Successfully changed project path to: C:/Users/rocio/Documents/GitHub/TP-GAME
C:/Users/rocio/Documents/GitHub/TP-GAME
[UnityMemory] Configuration Parameters - Can be set up in boot.config
    "memorysetup-bucket-allocator-granularity=16"
    "memorysetup-bucket-allocator-bucket-count=8"
    "memorysetup-bucket-allocator-block-size=33554432"
    "memorysetup-bucket-allocator-block-count=8"
    "memorysetup-main-allocator-block-size=16777216"
    "memorysetup-thread-allocator-block-size=16777216"
    "memorysetup-gfx-main-allocator-block-size=16777216"
    "memorysetup-gfx-thread-allocator-block-size=16777216"
    "memorysetup-cache-allocator-block-size=4194304"
    "memorysetup-typetree-allocator-block-size=2097152"
    "memorysetup-profiler-bucket-allocator-granularity=16"
    "memorysetup-profiler-bucket-allocator-bucket-count=8"
    "memorysetup-profiler-bucket-allocator-block-size=33554432"
    "memorysetup-profiler-bucket-allocator-block-count=8"
    "memorysetup-profiler-allocator-block-size=16777216"
    "memorysetup-profiler-editor-allocator-block-size=1048576"
    "memorysetup-temp-allocator-size-main=16777216"
    "memorysetup-job-temp-allocator-block-size=2097152"
    "memorysetup-job-temp-allocator-block-size-background=1048576"
    "memorysetup-job-temp-allocator-reduction-small-platforms=262144"
    "memorysetup-temp-allocator-size-background-worker=32768"
    "memorysetup-temp-allocator-size-job-worker=262144"
    "memorysetup-temp-allocator-size-preload-manager=33554432"
    "memorysetup-temp-allocator-size-nav-mesh-worker=65536"
    "memorysetup-temp-allocator-size-audio-worker=65536"
    "memorysetup-temp-allocator-size-cloud-worker=32768"
    "memorysetup-temp-allocator-size-gi-baking-worker=262144"
    "memorysetup-temp-allocator-size-gfx=262144"
Player connection [15236] Host "[IP] 172.18.2.253 [Port] 0 [Flags] 2 [Guid] 2445272799 [EditorId] 2445272799 [Version] 1048832 [Id] WindowsEditor(7,DESKTOP-HV5EPP2) [Debug] 1 [PackageName] WindowsEditor [ProjectName] Editor" joined multi-casting on [225.0.0.222:54997]...

Player connection [15236] Host "[IP] 172.18.2.253 [Port] 0 [Flags] 2 [Guid] 2445272799 [EditorId] 2445272799 [Version] 1048832 [Id] WindowsEditor(7,DESKTOP-HV5EPP2) [Debug] 1 [PackageName] WindowsEditor [ProjectName] Editor" joined alternative multi-casting on [225.0.0.222:34997]...

Refreshing native plugins compatible for Editor in 391.25 ms, found 3 plugins.
Preloading 0 native plugins for Editor in 0.00 ms.
Initialize engine version: 2021.3.16f1 (4016570cf34f)
[Subsystems] Discovering subsystems at path C:/Program Files/Unity/Hub/Editor/2021.3.16f1/Editor/Data/Resources/UnitySubsystems
[Subsystems] Discovering subsystems at path C:/Users/rocio/Documents/GitHub/TP-GAME/Assets
GfxDevice: creating device client; threaded=0; jobified=0
Direct3D:
    Version:  Direct3D 11.0 [level 11.1]
    Renderer: Intel(R) HD Graphics 620 (ID=0x5916)
    Vendor:   Intel
    VRAM:     8111 MB
    Driver:   23.20.16.4973
Initialize mono
Mono path[0] = 'C:/Program Files/Unity/Hub/Editor/2021.3.16f1/Editor/Data/Managed'
Mono path[1] = 'C:/Program Files/Unity/Hub/Editor/2021.3.16f1/Editor/Data/MonoBleedingEdge/lib/mono/unityjit-win32'
Mono config path = 'C:/Program Files/Unity/Hub/Editor/2021.3.16f1/Editor/Data/MonoBleedingEdge/etc'
Using monoOptions --debugger-agent=transport=dt_socket,embedding=1,server=y,suspend=n,address=127.0.0.1:56928
Begin MonoManager ReloadAssembly
Registering precompiled unity dll's ...
Register platform support module: C:/Program Files/Unity/Hub/Editor/2021.3.16f1/Editor/Data/PlaybackEngines/WindowsStandaloneSupport/UnityEditor.WindowsStandalone.Extensions.dll
Registered in 0.013162 seconds.
Native extension for WindowsStandalone target not found
Refreshing native plugins compatible for Editor in 162.11 ms, found 3 plugins.
Preloading 0 native plugins for Editor in 0.00 ms.
Mono: successfully reloaded assembly
- Completed reload, in  1.304 seconds
Domain Reload Profiling:
	ReloadAssembly (1305ms)
		BeginReloadAssembly (176ms)
			ExecutionOrderSort (0ms)
			DisableScriptedObjects (0ms)
			BackupInstance (0ms)
			ReleaseScriptingObjects (0ms)
			CreateAndSetChildDomain (1ms)
		EndReloadAssembly (943ms)
			LoadAssemblies (170ms)
			RebuildTransferFunctionScriptingTraits (0ms)
			SetupTypeCache (273ms)
			ReleaseScriptCaches (0ms)
			RebuildScriptCaches (71ms)
			SetupLoadedEditorAssemblies (516ms)
				LogAssemblyErrors (0ms)
				InitializePlatformSupportModulesInManaged (13ms)
				SetLoadedEditorAssemblies (0ms)
				RefreshPlugins (162ms)
				BeforeProcessingInitializeOnLoad (2ms)
				ProcessInitializeOnLoadAttributes (255ms)
				ProcessInitializeOnLoadMethodAttributes (83ms)
				AfterProcessingInitializeOnLoad (0ms)
				EditorAssembliesLoaded (0ms)
			ExecutionOrderSort2 (0ms)
			AwakeInstancesAfterBackupRestoration (0ms)
Platform modules already initialized, skipping
Registering precompiled user dll's ...
Registered in 0.015045 seconds.
Begin MonoManager ReloadAssembly
Symbol file LoadedFromMemory doesn't match image C:\Users\rocio\Documents\GitHub\TP-GAME\Library\PackageCache\com.unity.visualscripting@1.7.8\Editor\VisualScripting.Core\Dependencies\YamlDotNet\Unity.VisualScripting.YamlDotNet.dll
Symbol file LoadedFromMemory doesn't match image C:\Users\rocio\Documents\GitHub\TP-GAME\Library\PackageCache\com.unity.visualscripting@1.7.8\Editor\VisualScripting.Core\Dependencies\DotNetZip\Unity.VisualScripting.IonicZip.dll
Native extension for WindowsStandalone target not found
Refreshing native plugins compatible for Editor in 208.18 ms, found 3 plugins.
Preloading 0 native plugins for Editor in 0.00 ms.
Mono: successfully reloaded assembly
- Completed reload, in  3.512 seconds
Domain Reload Profiling:
	ReloadAssembly (3514ms)
		BeginReloadAssembly (335ms)
			ExecutionOrderSort (0ms)
			DisableScriptedObjects (19ms)
			BackupInstance (0ms)
			ReleaseScriptingObjects (0ms)
			CreateAndSetChildDomain (67ms)
		EndReloadAssembly (2901ms)
			LoadAssemblies (305ms)
			RebuildTransferFunctionScriptingTraits (0ms)
			SetupTypeCache (1235ms)
			ReleaseScriptCaches (1ms)
			RebuildScriptCaches (100ms)
			SetupLoadedEditorAssemblies (1234ms)
				LogAssemblyErrors (0ms)
				InitializePlatformSupportModulesInManaged (27ms)
				SetLoadedEditorAssemblies (0ms)
				RefreshPlugins (209ms)
				BeforeProcessingInitializeOnLoad (223ms)
				ProcessInitializeOnLoadAttributes (608ms)
				ProcessInitializeOnLoadMethodAttributes (152ms)
				AfterProcessingInitializeOnLoad (14ms)
				EditorAssembliesLoaded (0ms)
			ExecutionOrderSort2 (0ms)
			AwakeInstancesAfterBackupRestoration (15ms)
Platform modules already initialized, skipping
========================================================================
Worker process is ready to serve import requests
Launched and connected shader compiler UnityShaderCompiler.exe after 0.09 seconds
Refreshing native plugins compatible for Editor in 1.02 ms, found 3 plugins.
Preloading 0 native plugins for Editor in 0.00 ms.
Unloading 5410 Unused Serialized files (Serialized files now loaded: 0)
Unloading 51 unused Assets / (1.9 MB). Loaded Objects now: 5856.
Memory consumption went from 221.5 MB to 219.5 MB.
Total: 6.272600 ms (FindLiveObjects: 0.777900 ms CreateObjectMapping: 0.577900 ms MarkObjects: 4.256200 ms  DeleteObjects: 0.659500 ms)

AssetImportParameters requested are different than current active one (requested -> active):
  custom:video-decoder-ogg-theora: a1e56fd34408186e4bbccfd4996cb3dc -> 
  custom:container-muxer-webm: aa71ff27fc2769a1b78a27578f13a17b -> 
  custom:container-demuxer-webm: 4f35f7cbe854078d1ac9338744f61a02 -> 
  custom:video-encoder-webm-vp8: eb34c28f22e8b96e1ab97ce403110664 -> 
  custom:audio-encoder-webm-vorbis: bf7c407c2cedff20999df2af8eb42d56 -> 
  custom:framework-win-MediaFoundation: 216162199b28c13a410421893ffa2e32 -> 
  custom:container-demuxer-ogg: 62fdf1f143b41e24485cea50d1cbac27 -> 
  custom:video-decoder-webm-vp8: 9c59270c3fd7afecdb556c50c9e8de78 -> 
  custom:audio-decoder-ogg-vorbis: bf7c407c2cedff20999df2af8eb42d56 -> 
========================================================================
Received Import Request.
  Time since last request: 719301.931898 seconds.
  path: Assets/Escenario
  artifactKey: Guid(eae6cc55f9d9b934e80b5a9d8a8bd99a) Importer(815301076,1909f56bfc062723c751e8b465ee728b)
Start importing Assets/Escenario using Guid(eae6cc55f9d9b934e80b5a9d8a8bd99a) Importer(815301076,1909f56bfc062723c751e8b465ee728b)  -> (artifact id: '2c7be7654ae1b773d2f88f363c972ea6') in 0.021042 seconds 
========================================================================
Received Import Request.
  Time since last request: 18.508685 seconds.
  path: Assets/Escenario/escenario rotr.fbx
  artifactKey: Guid(02aabb8e6ed2a0542ae378dd2318f7e8) Importer(815301076,1909f56bfc062723c751e8b465ee728b)
Start importing Assets/Escenario/escenario rotr.fbx using Guid(02aabb8e6ed2a0542ae378dd2318f7e8) Importer(815301076,1909f56bfc062723c751e8b465ee728b)  -> (artifact id: '2e0ff59d7e356e4480be3598535c01c1') in 14.979099 seconds 
========================================================================
Received Prepare
Registering precompiled user dll's ...
Registered in 0.017015 seconds.
Begin MonoManager ReloadAssembly
Symbol file LoadedFromMemory doesn't match image C:\Users\rocio\Documents\GitHub\TP-GAME\Library\PackageCache\com.unity.visualscripting@1.7.8\Editor\VisualScripting.Core\Dependencies\YamlDotNet\Unity.VisualScripting.YamlDotNet.dll
Symbol file LoadedFromMemory doesn't match image C:\Users\rocio\Documents\GitHub\TP-GAME\Library\PackageCache\com.unity.visualscripting@1.7.8\Editor\VisualScripting.Core\Dependencies\DotNetZip\Unity.VisualScripting.IonicZip.dll
Native extension for WindowsStandalone target not found
Refreshing native plugins compatible for Editor in 16.59 ms, found 3 plugins.
Preloading 0 native plugins for Editor in 0.00 ms.
Mono: successfully reloaded assembly
- Completed reload, in 20.470 seconds
Domain Reload Profiling:
	ReloadAssembly (20471ms)
		BeginReloadAssembly (322ms)
			ExecutionOrderSort (0ms)
			DisableScriptedObjects (17ms)
			BackupInstance (0ms)
			ReleaseScriptingObjects (0ms)
			CreateAndSetChildDomain (101ms)
		EndReloadAssembly (19810ms)
			LoadAssemblies (223ms)
			RebuildTransferFunctionScriptingTraits (0ms)
			SetupTypeCache (10514ms)
			ReleaseScriptCaches (5ms)
			RebuildScriptCaches (109ms)
			SetupLoadedEditorAssemblies (6999ms)
				LogAssemblyErrors (0ms)
				InitializePlatformSupportModulesInManaged (717ms)
				SetLoadedEditorAssemblies (22ms)
				RefreshPlugins (17ms)
				BeforeProcessingInitializeOnLoad (2448ms)
				ProcessInitializeOnLoadAttributes (3549ms)
				ProcessInitializeOnLoadMethodAttributes (218ms)
				AfterProcessingInitializeOnLoad (26ms)
				EditorAssembliesLoaded (0ms)
			ExecutionOrderSort2 (0ms)
			AwakeInstancesAfterBackupRestoration (73ms)
Platform modules already initialized, skipping
Refreshing native plugins compatible for Editor in 4.48 ms, found 3 plugins.
Preloading 0 native plugins for Editor in 0.00 ms.
Unloading 5252 Unused Serialized files (Serialized files now loaded: 0)
Unloading 40 unused Assets / (1.9 MB). Loaded Objects now: 5948.
Memory consumption went from 217.1 MB to 215.2 MB.
Total: 18.405900 ms (FindLiveObjects: 0.662900 ms CreateObjectMapping: 0.570100 ms MarkObjects: 16.265800 ms  DeleteObjects: 0.905500 ms)

AssetImportParameters requested are different than current active one (requested -> active):
  custom:video-decoder-ogg-theora: a1e56fd34408186e4bbccfd4996cb3dc -> 
  custom:container-muxer-webm: aa71ff27fc2769a1b78a27578f13a17b -> 
  custom:container-demuxer-webm: 4f35f7cbe854078d1ac9338744f61a02 -> 
  custom:video-encoder-webm-vp8: eb34c28f22e8b96e1ab97ce403110664 -> 
  custom:audio-encoder-webm-vorbis: bf7c407c2cedff20999df2af8eb42d56 -> 
  custom:framework-win-MediaFoundation: 216162199b28c13a410421893ffa2e32 -> 
  custom:container-demuxer-ogg: 62fdf1f143b41e24485cea50d1cbac27 -> 
  custom:video-decoder-webm-vp8: 9c59270c3fd7afecdb556c50c9e8de78 -> 
  custom:audio-decoder-ogg-vorbis: bf7c407c2cedff20999df2af8eb42d56 -> 
========================================================================
Received Prepare
Registering precompiled user dll's ...
Registered in 0.024163 seconds.
Begin MonoManager ReloadAssembly
Symbol file LoadedFromMemory doesn't match image C:\Users\rocio\Documents\GitHub\TP-GAME\Library\PackageCache\com.unity.visualscripting@1.7.8\Editor\VisualScripting.Core\Dependencies\YamlDotNet\Unity.VisualScripting.YamlDotNet.dll
Symbol file LoadedFromMemory doesn't match image C:\Users\rocio\Documents\GitHub\TP-GAME\Library\PackageCache\com.unity.visualscripting@1.7.8\Editor\VisualScripting.Core\Dependencies\DotNetZip\Unity.VisualScripting.IonicZip.dll
Native extension for WindowsStandalone target not found
Refreshing native plugins compatible for Editor in 5.21 ms, found 3 plugins.
Preloading 0 native plugins for Editor in 0.00 ms.
Mono: successfully reloaded assembly
- Completed reload, in 29.237 seconds
Domain Reload Profiling:
	ReloadAssembly (29284ms)
		BeginReloadAssembly (5668ms)
			ExecutionOrderSort (0ms)
			DisableScriptedObjects (199ms)
			BackupInstance (0ms)
			ReleaseScriptingObjects (1ms)
			CreateAndSetChildDomain (1614ms)
		EndReloadAssembly (21057ms)
			LoadAssemblies (2749ms)
			RebuildTransferFunctionScriptingTraits (0ms)
			SetupTypeCache (5571ms)
			ReleaseScriptCaches (10ms)
			RebuildScriptCaches (1371ms)
			SetupLoadedEditorAssemblies (12178ms)
				LogAssemblyErrors (0ms)
				InitializePlatformSupportModulesInManaged (207ms)
				SetLoadedEditorAssemblies (2ms)
				RefreshPlugins (5ms)
				BeforeProcessingInitializeOnLoad (2893ms)
				ProcessInitializeOnLoadAttributes (6433ms)
				ProcessInitializeOnLoadMethodAttributes (2614ms)
				AfterProcessingInitializeOnLoad (23ms)
				EditorAssembliesLoaded (0ms)
			ExecutionOrderSort2 (0ms)
			AwakeInstancesAfterBackupRestoration (34ms)
Platform modules already initialized, skipping
Refreshing native plugins compatible for Editor in 34.26 ms, found 3 plugins.
Preloading 0 native plugins for Editor in 0.00 ms.
Unloading 5253 Unused Serialized files (Serialized files now loaded: 0)
Unloading 40 unused Assets / (1.9 MB). Loaded Objects now: 5951.
Memory consumption went from 217.2 MB to 215.2 MB.
Total: 42.122200 ms (FindLiveObjects: 7.988100 ms CreateObjectMapping: 4.087900 ms MarkObjects: 24.067000 ms  DeleteObjects: 5.972200 ms)

AssetImportParameters requested are different than current active one (requested -> active):
  custom:video-decoder-ogg-theora: a1e56fd34408186e4bbccfd4996cb3dc -> 
  custom:container-muxer-webm: aa71ff27fc2769a1b78a27578f13a17b -> 
  custom:container-demuxer-webm: 4f35f7cbe854078d1ac9338744f61a02 -> 
  custom:video-encoder-webm-vp8: eb34c28f22e8b96e1ab97ce403110664 -> 
  custom:audio-encoder-webm-vorbis: bf7c407c2cedff20999df2af8eb42d56 -> 
  custom:framework-win-MediaFoundation: 216162199b28c13a410421893ffa2e32 -> 
  custom:container-demuxer-ogg: 62fdf1f143b41e24485cea50d1cbac27 -> 
  custom:video-decoder-webm-vp8: 9c59270c3fd7afecdb556c50c9e8de78 -> 
  custom:audio-decoder-ogg-vorbis: bf7c407c2cedff20999df2af8eb42d56 -> 
========================================================================
Received Import Request.
  Time since last request: 721.922252 seconds.
  path: Assets/Escenario/escenario rotr.obj
  artifactKey: Guid(5e725ef78bc68aa4db88718fca6571ea) Importer(815301076,1909f56bfc062723c751e8b465ee728b)
Start importing Assets/Escenario/escenario rotr.obj using Guid(5e725ef78bc68aa4db88718fca6571ea) Importer(815301076,1909f56bfc062723c751e8b465ee728b)  -> (artifact id: 'f18f9d4d735001145fd8ed978554dd8c') in 1.116903 seconds 
========================================================================
Received Import Request.
  Time since last request: 219.593519 seconds.
  path: Assets/Escenario/escenario rotr.mtl
  artifactKey: Guid(991cc4fdf6eaf424db1e411ae374d7fa) Importer(815301076,1909f56bfc062723c751e8b465ee728b)
Start importing Assets/Escenario/escenario rotr.mtl using Guid(991cc4fdf6eaf424db1e411ae374d7fa) Importer(815301076,1909f56bfc062723c751e8b465ee728b)  -> (artifact id: '8f16358b6f3e076f8d2fb586663c361f') in 0.018139 seconds 
========================================================================
Received Import Request.
  Time since last request: 415.456305 seconds.
  path: Assets/Escenario/escenario rotr.blend1
  artifactKey: Guid(68b8b66752fbf0f4b91735f2824b197b) Importer(815301076,1909f56bfc062723c751e8b465ee728b)
Start importing Assets/Escenario/escenario rotr.blend1 using Guid(68b8b66752fbf0f4b91735f2824b197b) Importer(815301076,1909f56bfc062723c751e8b465ee728b)  -> (artifact id: 'a345b380884f93c8060cfe869e234523') in 0.029655 seconds 
========================================================================
Received Import Request.
  Time since last request: 61.659010 seconds.
  path: Assets/Escenario/escenario rotr.fbx
  artifactKey: Guid(02aabb8e6ed2a0542ae378dd2318f7e8) Importer(815301076,1909f56bfc062723c751e8b465ee728b)
Start importing Assets/Escenario/escenario rotr.fbx using Guid(02aabb8e6ed2a0542ae378dd2318f7e8) Importer(815301076,1909f56bfc062723c751e8b465ee728b)  -> (artifact id: '07d1502d5011e5d5a79a9403e7bca467') in 12.674551 seconds 
========================================================================
Received Import Request.
  Time since last request: 30.695989 seconds.
  path: Assets/Escenario/escenario rotr.fbx
  artifactKey: Guid(02aabb8e6ed2a0542ae378dd2318f7e8) Importer(815301076,1909f56bfc062723c751e8b465ee728b)
Start importing Assets/Escenario/escenario rotr.fbx using Guid(02aabb8e6ed2a0542ae378dd2318f7e8) Importer(815301076,1909f56bfc062723c751e8b465ee728b)  -> (artifact id: 'd959f903d3ae79f84fce4190bc593903') in 34.550328 seconds 
========================================================================
Received Import Request.
  Time since last request: 0.000124 seconds.
  path: Assets/Escenario/9af6989ab4b74e408bc5e08d0ba6645a 1.png
  artifactKey: Guid(cd61bb507ae3ba34ba5047c01af88e15) Importer(815301076,1909f56bfc062723c751e8b465ee728b)
Start importing Assets/Escenario/9af6989ab4b74e408bc5e08d0ba6645a 1.png using Guid(cd61bb507ae3ba34ba5047c01af88e15) Importer(815301076,1909f56bfc062723c751e8b465ee728b)  -> (artifact id: '62e63ad795420cfff0db24a2849a749f') in 0.119845 seconds 
========================================================================
Received Import Request.
  Time since last request: 0.000049 seconds.
  path: Assets/Escenario/9af6989ab4b74e408bc5e08d0ba6645a.jpg
  artifactKey: Guid(f428d9e29921a6446bf999d78b7914e0) Importer(815301076,1909f56bfc062723c751e8b465ee728b)
Start importing Assets/Escenario/9af6989ab4b74e408bc5e08d0ba6645a.jpg using Guid(f428d9e29921a6446bf999d78b7914e0) Importer(815301076,1909f56bfc062723c751e8b465ee728b)  -> (artifact id: '018018b28f670ee596bdb3c7e25268e9') in 0.129924 seconds 
========================================================================
Received Import Request.
  Time since last request: 56.836864 seconds.
  path: Assets/Escenario/117ed3a30f949a6cacbb576ae93e4c38.jpg
  artifactKey: Guid(6101bd38c23b86346bc9fab66daea72b) Importer(815301076,1909f56bfc062723c751e8b465ee728b)
Start importing Assets/Escenario/117ed3a30f949a6cacbb576ae93e4c38.jpg using Guid(6101bd38c23b86346bc9fab66daea72b) Importer(815301076,1909f56bfc062723c751e8b465ee728b)  -> (artifact id: '16e5f8ac81d0fe8bf412fd91267fe955') in 0.127949 seconds 
========================================================================
Received Import Request.
  Time since last request: 0.245547 seconds.
  path: Assets/Escenario/83514f10bc992e5bac73e09eb96fe955 2.png
  artifactKey: Guid(916e9b2193c4ff94b892b1b43311b5cc) Importer(815301076,1909f56bfc062723c751e8b465ee728b)
Start importing Assets/Escenario/83514f10bc992e5bac73e09eb96fe955 2.png using Guid(916e9b2193c4ff94b892b1b43311b5cc) Importer(815301076,1909f56bfc062723c751e8b465ee728b)  -> (artifact id: 'c18cf660a46799201515a15d41a3ebf9') in 0.109780 seconds 
========================================================================
Received Import Request.
  Time since last request: 0.223686 seconds.
  path: Assets/Escenario/abd71c8446823d84772a08004932e84c.jpg
  artifactKey: Guid(71f70d3187cc91b4da2c31fc3ca8c5ba) Importer(815301076,1909f56bfc062723c751e8b465ee728b)
Start importing Assets/Escenario/abd71c8446823d84772a08004932e84c.jpg using Guid(71f70d3187cc91b4da2c31fc3ca8c5ba) Importer(815301076,1909f56bfc062723c751e8b465ee728b)  -> (artifact id: '467229de19ed77f5a3c101e60005b51d') in 0.138392 seconds 
========================================================================
Received Import Request.
  Time since last request: 0.113438 seconds.
  path: Assets/Escenario/atlas1.png
  artifactKey: Guid(f5c5694ce6a289e4fb80c8007098b46e) Importer(815301076,1909f56bfc062723c751e8b465ee728b)
Start importing Assets/Escenario/atlas1.png using Guid(f5c5694ce6a289e4fb80c8007098b46e) Importer(815301076,1909f56bfc062723c751e8b465ee728b)  -> (artifact id: '9fa13ad65d538d892535a21e34b3acfd') in 0.060054 seconds 
========================================================================
Received Import Request.
  Time since last request: 0.209671 seconds.
  path: Assets/Escenario/dry-dirt2-normal2.jpg
  artifactKey: Guid(b37df9e105153094eb095b3b9e03cd0d) Importer(815301076,1909f56bfc062723c751e8b465ee728b)
Start importing Assets/Escenario/dry-dirt2-normal2.jpg using Guid(b37df9e105153094eb095b3b9e03cd0d) Importer(815301076,1909f56bfc062723c751e8b465ee728b)  -> (artifact id: '9d2c72e3742f4d4f144c40dbbae23f6f') in 0.122936 seconds 
========================================================================
Received Import Request.
  Time since last request: 0.212337 seconds.
  path: Assets/Escenario/e430c22ec4684543d45694abf366a1df 1.png
  artifactKey: Guid(886564f41d72f9d498618b63eace7601) Importer(815301076,1909f56bfc062723c751e8b465ee728b)
Start importing Assets/Escenario/e430c22ec4684543d45694abf366a1df 1.png using Guid(886564f41d72f9d498618b63eace7601) Importer(815301076,1909f56bfc062723c751e8b465ee728b)  -> (artifact id: 'd99b2b322fb517a1bbba86b50c63928c') in 0.107188 seconds 
========================================================================
Received Import Request.
  Time since last request: 0.580749 seconds.
  path: Assets/Escenario/Fence007A_8K-JPG_Color.jpg
  artifactKey: Guid(2b17f5b472a334d4a90e08a438ef5e86) Importer(815301076,1909f56bfc062723c751e8b465ee728b)
Start importing Assets/Escenario/Fence007A_8K-JPG_Color.jpg using Guid(2b17f5b472a334d4a90e08a438ef5e86) Importer(815301076,1909f56bfc062723c751e8b465ee728b)  -> (artifact id: 'ad508be2d5d445c23f10437e8a05eae6') in 0.127642 seconds 
========================================================================
Received Import Request.
  Time since last request: 0.164793 seconds.
  path: Assets/Escenario/Group 34.png
  artifactKey: Guid(27eca3c0cc338db40a9c9017e7533292) Importer(815301076,1909f56bfc062723c751e8b465ee728b)
Start importing Assets/Escenario/Group 34.png using Guid(27eca3c0cc338db40a9c9017e7533292) Importer(815301076,1909f56bfc062723c751e8b465ee728b)  -> (artifact id: '1967ab586bff61d8c5fec6057e6e9993') in 0.101442 seconds 
========================================================================
Received Import Request.
  Time since last request: 0.290081 seconds.
  path: Assets/Escenario/painted-cmu-block-stretcher-5f2b0ffd2cdfe-1200 2.png
  artifactKey: Guid(7066e72efb222b143a78395327533c90) Importer(815301076,1909f56bfc062723c751e8b465ee728b)
Start importing Assets/Escenario/painted-cmu-block-stretcher-5f2b0ffd2cdfe-1200 2.png using Guid(7066e72efb222b143a78395327533c90) Importer(815301076,1909f56bfc062723c751e8b465ee728b)  -> (artifact id: '4cdf6c472e17e8f8bea1f208c47da018') in 0.141843 seconds 
========================================================================
Received Prepare
Registering precompiled user dll's ...
Registered in 0.015601 seconds.
Begin MonoManager ReloadAssembly
Symbol file LoadedFromMemory doesn't match image C:\Users\rocio\Documents\GitHub\TP-GAME\Library\PackageCache\com.unity.visualscripting@1.7.8\Editor\VisualScripting.Core\Dependencies\YamlDotNet\Unity.VisualScripting.YamlDotNet.dll
Symbol file LoadedFromMemory doesn't match image C:\Users\rocio\Documents\GitHub\TP-GAME\Library\PackageCache\com.unity.visualscripting@1.7.8\Editor\VisualScripting.Core\Dependencies\DotNetZip\Unity.VisualScripting.IonicZip.dll
Native extension for WindowsStandalone target not found
Refreshing native plugins compatible for Editor in 1.64 ms, found 3 plugins.
Preloading 0 native plugins for Editor in 0.00 ms.
Mono: successfully reloaded assembly
- Completed reload, in  8.996 seconds
Domain Reload Profiling:
	ReloadAssembly (9001ms)
		BeginReloadAssembly (4870ms)
			ExecutionOrderSort (0ms)
			DisableScriptedObjects (1017ms)
			BackupInstance (0ms)
			ReleaseScriptingObjects (2ms)
			CreateAndSetChildDomain (1956ms)
		EndReloadAssembly (3829ms)
			LoadAssemblies (250ms)
			RebuildTransferFunctionScriptingTraits (0ms)
			SetupTypeCache (1185ms)
			ReleaseScriptCaches (3ms)
			RebuildScriptCaches (161ms)
			SetupLoadedEditorAssemblies (1733ms)
				LogAssemblyErrors (0ms)
				InitializePlatformSupportModulesInManaged (40ms)
				SetLoadedEditorAssemblies (2ms)
				RefreshPlugins (2ms)
				BeforeProcessingInitializeOnLoad (505ms)
				ProcessInitializeOnLoadAttributes (934ms)
				ProcessInitializeOnLoadMethodAttributes (225ms)
				AfterProcessingInitializeOnLoad (25ms)
				EditorAssembliesLoaded (0ms)
			ExecutionOrderSort2 (0ms)
			AwakeInstancesAfterBackupRestoration (42ms)
Platform modules already initialized, skipping
Refreshing native plugins compatible for Editor in 4.92 ms, found 3 plugins.
Preloading 0 native plugins for Editor in 0.00 ms.
Unloading 5252 Unused Serialized files (Serialized files now loaded: 0)
Unloading 40 unused Assets / (1.9 MB). Loaded Objects now: 6000.
Memory consumption went from 219.7 MB to 217.8 MB.
Total: 12.578000 ms (FindLiveObjects: 1.440400 ms CreateObjectMapping: 1.738100 ms MarkObjects: 8.587900 ms  DeleteObjects: 0.810100 ms)

AssetImportParameters requested are different than current active one (requested -> active):
  custom:video-decoder-ogg-theora: a1e56fd34408186e4bbccfd4996cb3dc -> 
  custom:container-muxer-webm: aa71ff27fc2769a1b78a27578f13a17b -> 
  custom:container-demuxer-webm: 4f35f7cbe854078d1ac9338744f61a02 -> 
  custom:video-encoder-webm-vp8: eb34c28f22e8b96e1ab97ce403110664 -> 
  custom:audio-encoder-webm-vorbis: bf7c407c2cedff20999df2af8eb42d56 -> 
  custom:framework-win-MediaFoundation: 216162199b28c13a410421893ffa2e32 -> 
  custom:container-demuxer-ogg: 62fdf1f143b41e24485cea50d1cbac27 -> 
  custom:video-decoder-webm-vp8: 9c59270c3fd7afecdb556c50c9e8de78 -> 
  custom:audio-decoder-ogg-vorbis: bf7c407c2cedff20999df2af8eb42d56 -> 
========================================================================
Received Prepare
Registering precompiled user dll's ...
Registered in 0.015588 seconds.
Begin MonoManager ReloadAssembly
Symbol file LoadedFromMemory doesn't match image C:\Users\rocio\Documents\GitHub\TP-GAME\Library\PackageCache\com.unity.visualscripting@1.7.8\Editor\VisualScripting.Core\Dependencies\YamlDotNet\Unity.VisualScripting.YamlDotNet.dll
Symbol file LoadedFromMemory doesn't match image C:\Users\rocio\Documents\GitHub\TP-GAME\Library\PackageCache\com.unity.visualscripting@1.7.8\Editor\VisualScripting.Core\Dependencies\DotNetZip\Unity.VisualScripting.IonicZip.dll
Native extension for WindowsStandalone target not found
Refreshing native plugins compatible for Editor in 10.61 ms, found 3 plugins.
Preloading 0 native plugins for Editor in 0.00 ms.
Mono: successfully reloaded assembly
- Completed reload, in 18.457 seconds
Domain Reload Profiling:
	ReloadAssembly (18459ms)
		BeginReloadAssembly (3413ms)
			ExecutionOrderSort (0ms)
			DisableScriptedObjects (157ms)
			BackupInstance (0ms)
			ReleaseScriptingObjects (1ms)
			CreateAndSetChildDomain (764ms)
		EndReloadAssembly (12157ms)
			LoadAssemblies (2420ms)
			RebuildTransferFunctionScriptingTraits (0ms)
			SetupTypeCache (7128ms)
			ReleaseScriptCaches (4ms)
			RebuildScriptCaches (132ms)
			SetupLoadedEditorAssemblies (3056ms)
				LogAssemblyErrors (0ms)
				InitializePlatformSupportModulesInManaged (894ms)
				SetLoadedEditorAssemblies (4ms)
				RefreshPlugins (11ms)
				BeforeProcessingInitializeOnLoad (958ms)
				ProcessInitializeOnLoadAttributes (701ms)
				ProcessInitializeOnLoadMethodAttributes (468ms)
				AfterProcessingInitializeOnLoad (20ms)
				EditorAssembliesLoaded (0ms)
			ExecutionOrderSort2 (0ms)
			AwakeInstancesAfterBackupRestoration (31ms)
Platform modules already initialized, skipping
Refreshing native plugins compatible for Editor in 4.89 ms, found 3 plugins.
Preloading 0 native plugins for Editor in 0.00 ms.
Unloading 5253 Unused Serialized files (Serialized files now loaded: 0)
Unloading 40 unused Assets / (1.9 MB). Loaded Objects now: 6003.
Memory consumption went from 219.8 MB to 217.9 MB.
Total: 7.575300 ms (FindLiveObjects: 0.658700 ms CreateObjectMapping: 0.473000 ms MarkObjects: 5.660100 ms  DeleteObjects: 0.781900 ms)

AssetImportParameters requested are different than current active one (requested -> active):
  custom:video-decoder-ogg-theora: a1e56fd34408186e4bbccfd4996cb3dc -> 
  custom:container-muxer-webm: aa71ff27fc2769a1b78a27578f13a17b -> 
  custom:container-demuxer-webm: 4f35f7cbe854078d1ac9338744f61a02 -> 
  custom:video-encoder-webm-vp8: eb34c28f22e8b96e1ab97ce403110664 -> 
  custom:audio-encoder-webm-vorbis: bf7c407c2cedff20999df2af8eb42d56 -> 
  custom:framework-win-MediaFoundation: 216162199b28c13a410421893ffa2e32 -> 
  custom:container-demuxer-ogg: 62fdf1f143b41e24485cea50d1cbac27 -> 
  custom:video-decoder-webm-vp8: 9c59270c3fd7afecdb556c50c9e8de78 -> 
  custom:audio-decoder-ogg-vorbis: bf7c407c2cedff20999df2af8eb42d56 -> 
========================================================================
Received Prepare
Registering precompiled user dll's ...
Registered in 0.018588 seconds.
Begin MonoManager ReloadAssembly
Symbol file LoadedFromMemory doesn't match image C:\Users\rocio\Documents\GitHub\TP-GAME\Library\PackageCache\com.unity.visualscripting@1.7.8\Editor\VisualScripting.Core\Dependencies\YamlDotNet\Unity.VisualScripting.YamlDotNet.dll
Symbol file LoadedFromMemory doesn't match image C:\Users\rocio\Documents\GitHub\TP-GAME\Library\PackageCache\com.unity.visualscripting@1.7.8\Editor\VisualScripting.Core\Dependencies\DotNetZip\Unity.VisualScripting.IonicZip.dll
Native extension for WindowsStandalone target not found
Refreshing native plugins compatible for Editor in 1.73 ms, found 3 plugins.
Preloading 0 native plugins for Editor in 0.00 ms.
Mono: successfully reloaded assembly
- Completed reload, in  7.841 seconds
Domain Reload Profiling:
	ReloadAssembly (7843ms)
		BeginReloadAssembly (3581ms)
			ExecutionOrderSort (0ms)
			DisableScriptedObjects (367ms)
			BackupInstance (0ms)
			ReleaseScriptingObjects (47ms)
			CreateAndSetChildDomain (828ms)
		EndReloadAssembly (3818ms)
			LoadAssemblies (1722ms)
			RebuildTransferFunctionScriptingTraits (0ms)
			SetupTypeCache (1302ms)
			ReleaseScriptCaches (5ms)
			RebuildScriptCaches (254ms)
			SetupLoadedEditorAssemblies (1809ms)
				LogAssemblyErrors (0ms)
				InitializePlatformSupportModulesInManaged (41ms)
				SetLoadedEditorAssemblies (1ms)
				RefreshPlugins (2ms)
				BeforeProcessingInitializeOnLoad (276ms)
				ProcessInitializeOnLoadAttributes (1019ms)
				ProcessInitializeOnLoadMethodAttributes (406ms)
				AfterProcessingInitializeOnLoad (54ms)
				EditorAssembliesLoaded (10ms)
			ExecutionOrderSort2 (0ms)
			AwakeInstancesAfterBackupRestoration (54ms)
Platform modules already initialized, skipping
Refreshing native plugins compatible for Editor in 5.55 ms, found 3 plugins.
Preloading 0 native plugins for Editor in 0.00 ms.
Unloading 5253 Unused Serialized files (Serialized files now loaded: 0)
Unloading 40 unused Assets / (1.9 MB). Loaded Objects now: 6006.
Memory consumption went from 219.8 MB to 217.9 MB.
Total: 19.577500 ms (FindLiveObjects: 1.562100 ms CreateObjectMapping: 1.245600 ms MarkObjects: 15.083000 ms  DeleteObjects: 1.685100 ms)

AssetImportParameters requested are different than current active one (requested -> active):
  custom:video-decoder-ogg-theora: a1e56fd34408186e4bbccfd4996cb3dc -> 
  custom:container-muxer-webm: aa71ff27fc2769a1b78a27578f13a17b -> 
  custom:container-demuxer-webm: 4f35f7cbe854078d1ac9338744f61a02 -> 
  custom:video-encoder-webm-vp8: eb34c28f22e8b96e1ab97ce403110664 -> 
  custom:audio-encoder-webm-vorbis: bf7c407c2cedff20999df2af8eb42d56 -> 
  custom:framework-win-MediaFoundation: 216162199b28c13a410421893ffa2e32 -> 
  custom:container-demuxer-ogg: 62fdf1f143b41e24485cea50d1cbac27 -> 
  custom:video-decoder-webm-vp8: 9c59270c3fd7afecdb556c50c9e8de78 -> 
  custom:audio-decoder-ogg-vorbis: bf7c407c2cedff20999df2af8eb42d56 -> 
========================================================================
Received Prepare
Registering precompiled user dll's ...
Registered in 0.017818 seconds.
Begin MonoManager ReloadAssembly
Symbol file LoadedFromMemory doesn't match image C:\Users\rocio\Documents\GitHub\TP-GAME\Library\PackageCache\com.unity.visualscripting@1.7.8\Editor\VisualScripting.Core\Dependencies\YamlDotNet\Unity.VisualScripting.YamlDotNet.dll
Symbol file LoadedFromMemory doesn't match image C:\Users\rocio\Documents\GitHub\TP-GAME\Library\PackageCache\com.unity.visualscripting@1.7.8\Editor\VisualScripting.Core\Dependencies\DotNetZip\Unity.VisualScripting.IonicZip.dll
Native extension for WindowsStandalone target not found
Refreshing native plugins compatible for Editor in 3.61 ms, found 3 plugins.
Preloading 0 native plugins for Editor in 0.00 ms.
Mono: successfully reloaded assembly
- Completed reload, in 22.295 seconds
Domain Reload Profiling:
	ReloadAssembly (22299ms)
		BeginReloadAssembly (4179ms)
			ExecutionOrderSort (0ms)
			DisableScriptedObjects (175ms)
			BackupInstance (0ms)
			ReleaseScriptingObjects (0ms)
			CreateAndSetChildDomain (1106ms)
		EndReloadAssembly (16483ms)
			LoadAssemblies (2443ms)
			RebuildTransferFunctionScriptingTraits (0ms)
			SetupTypeCache (5184ms)
			ReleaseScriptCaches (20ms)
			RebuildScriptCaches (635ms)
			SetupLoadedEditorAssemblies (7819ms)
				LogAssemblyErrors (0ms)
				InitializePlatformSupportModulesInManaged (133ms)
				SetLoadedEditorAssemblies (14ms)
				RefreshPlugins (4ms)
				BeforeProcessingInitializeOnLoad (1449ms)
				ProcessInitializeOnLoadAttributes (4134ms)
				ProcessInitializeOnLoadMethodAttributes (1497ms)
				AfterProcessingInitializeOnLoad (588ms)
				EditorAssembliesLoaded (2ms)
			ExecutionOrderSort2 (0ms)
			AwakeInstancesAfterBackupRestoration (153ms)
Platform modules already initialized, skipping
Refreshing native plugins compatible for Editor in 7.63 ms, found 3 plugins.
Preloading 0 native plugins for Editor in 0.00 ms.
Unloading 5253 Unused Serialized files (Serialized files now loaded: 0)
Unloading 40 unused Assets / (1.9 MB). Loaded Objects now: 6009.
Memory consumption went from 219.8 MB to 217.9 MB.
Total: 8.901600 ms (FindLiveObjects: 1.129800 ms CreateObjectMapping: 0.993800 ms MarkObjects: 6.042300 ms  DeleteObjects: 0.733900 ms)

AssetImportParameters requested are different than current active one (requested -> active):
  custom:video-decoder-ogg-theora: a1e56fd34408186e4bbccfd4996cb3dc -> 
  custom:container-muxer-webm: aa71ff27fc2769a1b78a27578f13a17b -> 
  custom:container-demuxer-webm: 4f35f7cbe854078d1ac9338744f61a02 -> 
  custom:video-encoder-webm-vp8: eb34c28f22e8b96e1ab97ce403110664 -> 
  custom:audio-encoder-webm-vorbis: bf7c407c2cedff20999df2af8eb42d56 -> 
  custom:framework-win-MediaFoundation: 216162199b28c13a410421893ffa2e32 -> 
  custom:container-demuxer-ogg: 62fdf1f143b41e24485cea50d1cbac27 -> 
  custom:video-decoder-webm-vp8: 9c59270c3fd7afecdb556c50c9e8de78 -> 
  custom:audio-decoder-ogg-vorbis: bf7c407c2cedff20999df2af8eb42d56 -> 
========================================================================
Received Prepare
Registering precompiled user dll's ...
Registered in 0.019956 seconds.
Begin MonoManager ReloadAssembly
Symbol file LoadedFromMemory doesn't match image C:\Users\rocio\Documents\GitHub\TP-GAME\Library\PackageCache\com.unity.visualscripting@1.7.8\Editor\VisualScripting.Core\Dependencies\YamlDotNet\Unity.VisualScripting.YamlDotNet.dll
Symbol file LoadedFromMemory doesn't match image C:\Users\rocio\Documents\GitHub\TP-GAME\Library\PackageCache\com.unity.visualscripting@1.7.8\Editor\VisualScripting.Core\Dependencies\DotNetZip\Unity.VisualScripting.IonicZip.dll
Native extension for WindowsStandalone target not found
Refreshing native plugins compatible for Editor in 8.80 ms, found 3 plugins.
Preloading 0 native plugins for Editor in 0.00 ms.
Mono: successfully reloaded assembly
- Completed reload, in 18.827 seconds
Domain Reload Profiling:
	ReloadAssembly (18830ms)
		BeginReloadAssembly (3260ms)
			ExecutionOrderSort (0ms)
			DisableScriptedObjects (147ms)
			BackupInstance (0ms)
			ReleaseScriptingObjects (3ms)
			CreateAndSetChildDomain (952ms)
		EndReloadAssembly (13403ms)
			LoadAssemblies (2415ms)
			RebuildTransferFunctionScriptingTraits (0ms)
			SetupTypeCache (5317ms)
			ReleaseScriptCaches (16ms)
			RebuildScriptCaches (1603ms)
			SetupLoadedEditorAssemblies (3023ms)
				LogAssemblyErrors (0ms)
				InitializePlatformSupportModulesInManaged (654ms)
				SetLoadedEditorAssemblies (308ms)
				RefreshPlugins (9ms)
				BeforeProcessingInitializeOnLoad (904ms)
				ProcessInitializeOnLoadAttributes (869ms)
				ProcessInitializeOnLoadMethodAttributes (236ms)
				AfterProcessingInitializeOnLoad (37ms)
				EditorAssembliesLoaded (6ms)
			ExecutionOrderSort2 (0ms)
			AwakeInstancesAfterBackupRestoration (313ms)
Platform modules already initialized, skipping
Refreshing native plugins compatible for Editor in 3.15 ms, found 3 plugins.
Preloading 0 native plugins for Editor in 0.00 ms.
Unloading 5253 Unused Serialized files (Serialized files now loaded: 0)
Unloading 40 unused Assets / (1.9 MB). Loaded Objects now: 6012.
Memory consumption went from 219.8 MB to 217.9 MB.
Total: 7.677300 ms (FindLiveObjects: 0.789000 ms CreateObjectMapping: 0.580800 ms MarkObjects: 5.679200 ms  DeleteObjects: 0.626700 ms)

AssetImportParameters requested are different than current active one (requested -> active):
  custom:video-decoder-ogg-theora: a1e56fd34408186e4bbccfd4996cb3dc -> 
  custom:container-muxer-webm: aa71ff27fc2769a1b78a27578f13a17b -> 
  custom:container-demuxer-webm: 4f35f7cbe854078d1ac9338744f61a02 -> 
  custom:video-encoder-webm-vp8: eb34c28f22e8b96e1ab97ce403110664 -> 
  custom:audio-encoder-webm-vorbis: bf7c407c2cedff20999df2af8eb42d56 -> 
  custom:framework-win-MediaFoundation: 216162199b28c13a410421893ffa2e32 -> 
  custom:container-demuxer-ogg: 62fdf1f143b41e24485cea50d1cbac27 -> 
  custom:video-decoder-webm-vp8: 9c59270c3fd7afecdb556c50c9e8de78 -> 
  custom:audio-decoder-ogg-vorbis: bf7c407c2cedff20999df2af8eb42d56 -> 
========================================================================
Received Prepare
Registering precompiled user dll's ...
Registered in 0.014981 seconds.
Begin MonoManager ReloadAssembly
Symbol file LoadedFromMemory doesn't match image C:\Users\rocio\Documents\GitHub\TP-GAME\Library\PackageCache\com.unity.visualscripting@1.7.8\Editor\VisualScripting.Core\Dependencies\YamlDotNet\Unity.VisualScripting.YamlDotNet.dll
Symbol file LoadedFromMemory doesn't match image C:\Users\rocio\Documents\GitHub\TP-GAME\Library\PackageCache\com.unity.visualscripting@1.7.8\Editor\VisualScripting.Core\Dependencies\DotNetZip\Unity.VisualScripting.IonicZip.dll
Native extension for WindowsStandalone target not found
Refreshing native plugins compatible for Editor in 15.31 ms, found 3 plugins.
Preloading 0 native plugins for Editor in 0.00 ms.
Mono: successfully reloaded assembly
- Completed reload, in 40.995 seconds
Domain Reload Profiling:
	ReloadAssembly (41007ms)
		BeginReloadAssembly (7092ms)
			ExecutionOrderSort (0ms)
			DisableScriptedObjects (199ms)
			BackupInstance (0ms)
			ReleaseScriptingObjects (1ms)
			CreateAndSetChildDomain (1765ms)
		EndReloadAssembly (29238ms)
			LoadAssemblies (4745ms)
			RebuildTransferFunctionScriptingTraits (15ms)
			SetupTypeCache (9227ms)
			ReleaseScriptCaches (29ms)
			RebuildScriptCaches (1559ms)
			SetupLoadedEditorAssemblies (13671ms)
				LogAssemblyErrors (0ms)
				InitializePlatformSupportModulesInManaged (898ms)
				SetLoadedEditorAssemblies (5ms)
				RefreshPlugins (20ms)
				BeforeProcessingInitializeOnLoad (2101ms)
				ProcessInitializeOnLoadAttributes (7044ms)
				ProcessInitializeOnLoadMethodAttributes (3445ms)
				AfterProcessingInitializeOnLoad (144ms)
				EditorAssembliesLoaded (13ms)
			ExecutionOrderSort2 (0ms)
			AwakeInstancesAfterBackupRestoration (826ms)
Platform modules already initialized, skipping
Refreshing native plugins compatible for Editor in 21.94 ms, found 3 plugins.
Preloading 0 native plugins for Editor in 0.00 ms.
Unloading 5253 Unused Serialized files (Serialized files now loaded: 0)
Unloading 40 unused Assets / (1.9 MB). Loaded Objects now: 6015.
Memory consumption went from 219.8 MB to 217.9 MB.
Total: 29.414400 ms (FindLiveObjects: 4.255200 ms CreateObjectMapping: 4.980400 ms MarkObjects: 16.152700 ms  DeleteObjects: 4.020000 ms)

AssetImportParameters requested are different than current active one (requested -> active):
  custom:video-decoder-ogg-theora: a1e56fd34408186e4bbccfd4996cb3dc -> 
  custom:container-muxer-webm: aa71ff27fc2769a1b78a27578f13a17b -> 
  custom:container-demuxer-webm: 4f35f7cbe854078d1ac9338744f61a02 -> 
  custom:video-encoder-webm-vp8: eb34c28f22e8b96e1ab97ce403110664 -> 
  custom:audio-encoder-webm-vorbis: bf7c407c2cedff20999df2af8eb42d56 -> 
  custom:framework-win-MediaFoundation: 216162199b28c13a410421893ffa2e32 -> 
  custom:container-demuxer-ogg: 62fdf1f143b41e24485cea50d1cbac27 -> 
  custom:video-decoder-webm-vp8: 9c59270c3fd7afecdb556c50c9e8de78 -> 
  custom:audio-decoder-ogg-vorbis: bf7c407c2cedff20999df2af8eb42d56 -> 
========================================================================
Received Prepare
Registering precompiled user dll's ...
Registered in 0.018426 seconds.
Begin MonoManager ReloadAssembly
Symbol file LoadedFromMemory doesn't match image C:\Users\rocio\Documents\GitHub\TP-GAME\Library\PackageCache\com.unity.visualscripting@1.7.8\Editor\VisualScripting.Core\Dependencies\YamlDotNet\Unity.VisualScripting.YamlDotNet.dll
Symbol file LoadedFromMemory doesn't match image C:\Users\rocio\Documents\GitHub\TP-GAME\Library\PackageCache\com.unity.visualscripting@1.7.8\Editor\VisualScripting.Core\Dependencies\DotNetZip\Unity.VisualScripting.IonicZip.dll
Native extension for WindowsStandalone target not found
Refreshing native plugins compatible for Editor in 16.12 ms, found 3 plugins.
Preloading 0 native plugins for Editor in 0.00 ms.
Mono: successfully reloaded assembly
- Completed reload, in 27.408 seconds
Domain Reload Profiling:
	ReloadAssembly (27439ms)
		BeginReloadAssembly (5860ms)
			ExecutionOrderSort (0ms)
			DisableScriptedObjects (341ms)
			BackupInstance (0ms)
			ReleaseScriptingObjects (3ms)
			CreateAndSetChildDomain (1656ms)
		EndReloadAssembly (18836ms)
			LoadAssemblies (2239ms)
			RebuildTransferFunctionScriptingTraits (1ms)
			SetupTypeCache (7646ms)
			ReleaseScriptCaches (10ms)
			RebuildScriptCaches (814ms)
			SetupLoadedEditorAssemblies (7762ms)
				LogAssemblyErrors (0ms)
				InitializePlatformSupportModulesInManaged (400ms)
				SetLoadedEditorAssemblies (2ms)
				RefreshPlugins (16ms)
				BeforeProcessingInitializeOnLoad (1412ms)
				ProcessInitializeOnLoadAttributes (3781ms)
				ProcessInitializeOnLoadMethodAttributes (2025ms)
				AfterProcessingInitializeOnLoad (125ms)
				EditorAssembliesLoaded (1ms)
			ExecutionOrderSort2 (0ms)
			AwakeInstancesAfterBackupRestoration (156ms)
Platform modules already initialized, skipping
Refreshing native plugins compatible for Editor in 18.30 ms, found 3 plugins.
Preloading 0 native plugins for Editor in 0.00 ms.
Unloading 5253 Unused Serialized files (Serialized files now loaded: 0)
Unloading 40 unused Assets / (1.9 MB). Loaded Objects now: 6018.
Memory consumption went from 219.8 MB to 217.9 MB.
Total: 19.202800 ms (FindLiveObjects: 1.196100 ms CreateObjectMapping: 0.807900 ms MarkObjects: 15.980400 ms  DeleteObjects: 1.216400 ms)

AssetImportParameters requested are different than current active one (requested -> active):
  custom:video-decoder-ogg-theora: a1e56fd34408186e4bbccfd4996cb3dc -> 
  custom:container-muxer-webm: aa71ff27fc2769a1b78a27578f13a17b -> 
  custom:container-demuxer-webm: 4f35f7cbe854078d1ac9338744f61a02 -> 
  custom:video-encoder-webm-vp8: eb34c28f22e8b96e1ab97ce403110664 -> 
  custom:audio-encoder-webm-vorbis: bf7c407c2cedff20999df2af8eb42d56 -> 
  custom:framework-win-MediaFoundation: 216162199b28c13a410421893ffa2e32 -> 
  custom:container-demuxer-ogg: 62fdf1f143b41e24485cea50d1cbac27 -> 
  custom:video-decoder-webm-vp8: 9c59270c3fd7afecdb556c50c9e8de78 -> 
  custom:audio-decoder-ogg-vorbis: bf7c407c2cedff20999df2af8eb42d56 -> 
========================================================================
Received Prepare
Registering precompiled user dll's ...
Registered in 0.019179 seconds.
Begin MonoManager ReloadAssembly
Symbol file LoadedFromMemory doesn't match image C:\Users\rocio\Documents\GitHub\TP-GAME\Library\PackageCache\com.unity.visualscripting@1.7.8\Editor\VisualScripting.Core\Dependencies\YamlDotNet\Unity.VisualScripting.YamlDotNet.dll
Symbol file LoadedFromMemory doesn't match image C:\Users\rocio\Documents\GitHub\TP-GAME\Library\PackageCache\com.unity.visualscripting@1.7.8\Editor\VisualScripting.Core\Dependencies\DotNetZip\Unity.VisualScripting.IonicZip.dll
Native extension for WindowsStandalone target not found
Refreshing native plugins compatible for Editor in 1.78 ms, found 3 plugins.
Preloading 0 native plugins for Editor in 0.00 ms.
Mono: successfully reloaded assembly
- Completed reload, in  5.953 seconds
Domain Reload Profiling:
	ReloadAssembly (5955ms)
		BeginReloadAssembly (2576ms)
			ExecutionOrderSort (0ms)
			DisableScriptedObjects (384ms)
			BackupInstance (0ms)
			ReleaseScriptingObjects (0ms)
			CreateAndSetChildDomain (851ms)
		EndReloadAssembly (3125ms)
			LoadAssemblies (1048ms)
			RebuildTransferFunctionScriptingTraits (0ms)
			SetupTypeCache (914ms)
			ReleaseScriptCaches (3ms)
			RebuildScriptCaches (155ms)
			SetupLoadedEditorAssemblies (1513ms)
				LogAssemblyErrors (0ms)
				InitializePlatformSupportModulesInManaged (33ms)
				SetLoadedEditorAssemblies (1ms)
				RefreshPlugins (2ms)
				BeforeProcessingInitializeOnLoad (356ms)
				ProcessInitializeOnLoadAttributes (842ms)
				ProcessInitializeOnLoadMethodAttributes (246ms)
				AfterProcessingInitializeOnLoad (32ms)
				EditorAssembliesLoaded (0ms)
			ExecutionOrderSort2 (0ms)
			AwakeInstancesAfterBackupRestoration (26ms)
Platform modules already initialized, skipping
Refreshing native plugins compatible for Editor in 6.32 ms, found 3 plugins.
Preloading 0 native plugins for Editor in 0.00 ms.
Unloading 5253 Unused Serialized files (Serialized files now loaded: 0)
Unloading 40 unused Assets / (1.9 MB). Loaded Objects now: 6021.
Memory consumption went from 219.9 MB to 217.9 MB.
Total: 9.615600 ms (FindLiveObjects: 0.759200 ms CreateObjectMapping: 0.620700 ms MarkObjects: 7.381900 ms  DeleteObjects: 0.852600 ms)

AssetImportParameters requested are different than current active one (requested -> active):
  custom:video-decoder-ogg-theora: a1e56fd34408186e4bbccfd4996cb3dc -> 
  custom:container-muxer-webm: aa71ff27fc2769a1b78a27578f13a17b -> 
  custom:container-demuxer-webm: 4f35f7cbe854078d1ac9338744f61a02 -> 
  custom:video-encoder-webm-vp8: eb34c28f22e8b96e1ab97ce403110664 -> 
  custom:audio-encoder-webm-vorbis: bf7c407c2cedff20999df2af8eb42d56 -> 
  custom:framework-win-MediaFoundation: 216162199b28c13a410421893ffa2e32 -> 
  custom:container-demuxer-ogg: 62fdf1f143b41e24485cea50d1cbac27 -> 
  custom:video-decoder-webm-vp8: 9c59270c3fd7afecdb556c50c9e8de78 -> 
  custom:audio-decoder-ogg-vorbis: bf7c407c2cedff20999df2af8eb42d56 -> 
========================================================================
Received Prepare
Registering precompiled user dll's ...
Registered in 0.013689 seconds.
Begin MonoManager ReloadAssembly
Symbol file LoadedFromMemory doesn't match image C:\Users\rocio\Documents\GitHub\TP-GAME\Library\PackageCache\com.unity.visualscripting@1.7.8\Editor\VisualScripting.Core\Dependencies\YamlDotNet\Unity.VisualScripting.YamlDotNet.dll
Symbol file LoadedFromMemory doesn't match image C:\Users\rocio\Documents\GitHub\TP-GAME\Library\PackageCache\com.unity.visualscripting@1.7.8\Editor\VisualScripting.Core\Dependencies\DotNetZip\Unity.VisualScripting.IonicZip.dll
Native extension for WindowsStandalone target not found
Refreshing native plugins compatible for Editor in 2.87 ms, found 3 plugins.
Preloading 0 native plugins for Editor in 0.00 ms.
Mono: successfully reloaded assembly
- Completed reload, in  5.700 seconds
Domain Reload Profiling:
	ReloadAssembly (5702ms)
		BeginReloadAssembly (1224ms)
			ExecutionOrderSort (0ms)
			DisableScriptedObjects (186ms)
			BackupInstance (0ms)
			ReleaseScriptingObjects (1ms)
			CreateAndSetChildDomain (186ms)
		EndReloadAssembly (4186ms)
			LoadAssemblies (246ms)
			RebuildTransferFunctionScriptingTraits (0ms)
			SetupTypeCache (1338ms)
			ReleaseScriptCaches (3ms)
			RebuildScriptCaches (254ms)
			SetupLoadedEditorAssemblies (2137ms)
				LogAssemblyErrors (0ms)
				InitializePlatformSupportModulesInManaged (27ms)
				SetLoadedEditorAssemblies (2ms)
				RefreshPlugins (3ms)
				BeforeProcessingInitializeOnLoad (308ms)
				ProcessInitializeOnLoadAttributes (1539ms)
				ProcessInitializeOnLoadMethodAttributes (235ms)
				AfterProcessingInitializeOnLoad (22ms)
				EditorAssembliesLoaded (1ms)
			ExecutionOrderSort2 (0ms)
			AwakeInstancesAfterBackupRestoration (51ms)
Platform modules already initialized, skipping
Refreshing native plugins compatible for Editor in 5.49 ms, found 3 plugins.
Preloading 0 native plugins for Editor in 0.00 ms.
Unloading 5253 Unused Serialized files (Serialized files now loaded: 0)
Unloading 40 unused Assets / (1.9 MB). Loaded Objects now: 6024.
Memory consumption went from 219.9 MB to 218.0 MB.
Total: 21.191800 ms (FindLiveObjects: 0.741700 ms CreateObjectMapping: 0.628300 ms MarkObjects: 19.001200 ms  DeleteObjects: 0.819300 ms)

AssetImportParameters requested are different than current active one (requested -> active):
  custom:video-decoder-ogg-theora: a1e56fd34408186e4bbccfd4996cb3dc -> 
  custom:container-muxer-webm: aa71ff27fc2769a1b78a27578f13a17b -> 
  custom:container-demuxer-webm: 4f35f7cbe854078d1ac9338744f61a02 -> 
  custom:video-encoder-webm-vp8: eb34c28f22e8b96e1ab97ce403110664 -> 
  custom:audio-encoder-webm-vorbis: bf7c407c2cedff20999df2af8eb42d56 -> 
  custom:framework-win-MediaFoundation: 216162199b28c13a410421893ffa2e32 -> 
  custom:container-demuxer-ogg: 62fdf1f143b41e24485cea50d1cbac27 -> 
  custom:video-decoder-webm-vp8: 9c59270c3fd7afecdb556c50c9e8de78 -> 
  custom:audio-decoder-ogg-vorbis: bf7c407c2cedff20999df2af8eb42d56 -> 
========================================================================
Received Prepare
Registering precompiled user dll's ...
Registered in 0.018350 seconds.
Begin MonoManager ReloadAssembly
Symbol file LoadedFromMemory doesn't match image C:\Users\rocio\Documents\GitHub\TP-GAME\Library\PackageCache\com.unity.visualscripting@1.7.8\Editor\VisualScripting.Core\Dependencies\YamlDotNet\Unity.VisualScripting.YamlDotNet.dll
Symbol file LoadedFromMemory doesn't match image C:\Users\rocio\Documents\GitHub\TP-GAME\Library\PackageCache\com.unity.visualscripting@1.7.8\Editor\VisualScripting.Core\Dependencies\DotNetZip\Unity.VisualScripting.IonicZip.dll
Native extension for WindowsStandalone target not found
Refreshing native plugins compatible for Editor in 2.76 ms, found 3 plugins.
Preloading 0 native plugins for Editor in 0.00 ms.
Mono: successfully reloaded assembly
- Completed reload, in  5.282 seconds
Domain Reload Profiling:
	ReloadAssembly (5287ms)
		BeginReloadAssembly (1487ms)
			ExecutionOrderSort (0ms)
			DisableScriptedObjects (124ms)
			BackupInstance (0ms)
			ReleaseScriptingObjects (383ms)
			CreateAndSetChildDomain (571ms)
		EndReloadAssembly (3497ms)
			LoadAssemblies (334ms)
			RebuildTransferFunctionScriptingTraits (0ms)
			SetupTypeCache (1035ms)
			ReleaseScriptCaches (5ms)
			RebuildScriptCaches (230ms)
			SetupLoadedEditorAssemblies (1581ms)
				LogAssemblyErrors (0ms)
				InitializePlatformSupportModulesInManaged (32ms)
				SetLoadedEditorAssemblies (1ms)
				RefreshPlugins (3ms)
				BeforeProcessingInitializeOnLoad (380ms)
				ProcessInitializeOnLoadAttributes (813ms)
				ProcessInitializeOnLoadMethodAttributes (334ms)
				AfterProcessingInitializeOnLoad (18ms)
				EditorAssembliesLoaded (1ms)
			ExecutionOrderSort2 (0ms)
			AwakeInstancesAfterBackupRestoration (104ms)
Platform modules already initialized, skipping
Refreshing native plugins compatible for Editor in 7.06 ms, found 3 plugins.
Preloading 0 native plugins for Editor in 0.00 ms.
Unloading 5253 Unused Serialized files (Serialized files now loaded: 0)
Unloading 40 unused Assets / (1.9 MB). Loaded Objects now: 6027.
Memory consumption went from 219.9 MB to 218.0 MB.
Total: 14.358500 ms (FindLiveObjects: 1.502300 ms CreateObjectMapping: 0.758500 ms MarkObjects: 11.161700 ms  DeleteObjects: 0.932500 ms)

AssetImportParameters requested are different than current active one (requested -> active):
  custom:video-decoder-ogg-theora: a1e56fd34408186e4bbccfd4996cb3dc -> 
  custom:container-muxer-webm: aa71ff27fc2769a1b78a27578f13a17b -> 
  custom:container-demuxer-webm: 4f35f7cbe854078d1ac9338744f61a02 -> 
  custom:video-encoder-webm-vp8: eb34c28f22e8b96e1ab97ce403110664 -> 
  custom:audio-encoder-webm-vorbis: bf7c407c2cedff20999df2af8eb42d56 -> 
  custom:framework-win-MediaFoundation: 216162199b28c13a410421893ffa2e32 -> 
  custom:container-demuxer-ogg: 62fdf1f143b41e24485cea50d1cbac27 -> 
  custom:video-decoder-webm-vp8: 9c59270c3fd7afecdb556c50c9e8de78 -> 
  custom:audio-decoder-ogg-vorbis: bf7c407c2cedff20999df2af8eb42d56 -> 
========================================================================
Received Prepare
Registering precompiled user dll's ...
Registered in 0.013242 seconds.
Begin MonoManager ReloadAssembly
Symbol file LoadedFromMemory doesn't match image C:\Users\rocio\Documents\GitHub\TP-GAME\Library\PackageCache\com.unity.visualscripting@1.7.8\Editor\VisualScripting.Core\Dependencies\YamlDotNet\Unity.VisualScripting.YamlDotNet.dll
Symbol file LoadedFromMemory doesn't match image C:\Users\rocio\Documents\GitHub\TP-GAME\Library\PackageCache\com.unity.visualscripting@1.7.8\Editor\VisualScripting.Core\Dependencies\DotNetZip\Unity.VisualScripting.IonicZip.dll
Native extension for WindowsStandalone target not found
Refreshing native plugins compatible for Editor in 2.87 ms, found 3 plugins.
Preloading 0 native plugins for Editor in 0.00 ms.
Mono: successfully reloaded assembly
- Completed reload, in 16.000 seconds
Domain Reload Profiling:
	ReloadAssembly (16001ms)
		BeginReloadAssembly (3181ms)
			ExecutionOrderSort (0ms)
			DisableScriptedObjects (90ms)
			BackupInstance (0ms)
			ReleaseScriptingObjects (1ms)
			CreateAndSetChildDomain (1074ms)
		EndReloadAssembly (10952ms)
			LoadAssemblies (1635ms)
			RebuildTransferFunctionScriptingTraits (0ms)
			SetupTypeCache (3264ms)
			ReleaseScriptCaches (14ms)
			RebuildScriptCaches (422ms)
			SetupLoadedEditorAssemblies (5800ms)
				LogAssemblyErrors (0ms)
				InitializePlatformSupportModulesInManaged (79ms)
				SetLoadedEditorAssemblies (3ms)
				RefreshPlugins (3ms)
				BeforeProcessingInitializeOnLoad (830ms)
				ProcessInitializeOnLoadAttributes (4609ms)
				ProcessInitializeOnLoadMethodAttributes (258ms)
				AfterProcessingInitializeOnLoad (17ms)
				EditorAssembliesLoaded (0ms)
			ExecutionOrderSort2 (0ms)
			AwakeInstancesAfterBackupRestoration (32ms)
Platform modules already initialized, skipping
Refreshing native plugins compatible for Editor in 11.59 ms, found 3 plugins.
Preloading 0 native plugins for Editor in 0.00 ms.
Unloading 5253 Unused Serialized files (Serialized files now loaded: 0)
Unloading 40 unused Assets / (1.9 MB). Loaded Objects now: 6030.
Memory consumption went from 219.9 MB to 218.0 MB.
Total: 6.664700 ms (FindLiveObjects: 0.614800 ms CreateObjectMapping: 0.446300 ms MarkObjects: 4.997300 ms  DeleteObjects: 0.605100 ms)

AssetImportParameters requested are different than current active one (requested -> active):
  custom:video-decoder-ogg-theora: a1e56fd34408186e4bbccfd4996cb3dc -> 
  custom:container-muxer-webm: aa71ff27fc2769a1b78a27578f13a17b -> 
  custom:container-demuxer-webm: 4f35f7cbe854078d1ac9338744f61a02 -> 
  custom:video-encoder-webm-vp8: eb34c28f22e8b96e1ab97ce403110664 -> 
  custom:audio-encoder-webm-vorbis: bf7c407c2cedff20999df2af8eb42d56 -> 
  custom:framework-win-MediaFoundation: 216162199b28c13a410421893ffa2e32 -> 
  custom:container-demuxer-ogg: 62fdf1f143b41e24485cea50d1cbac27 -> 
  custom:video-decoder-webm-vp8: 9c59270c3fd7afecdb556c50c9e8de78 -> 
  custom:audio-decoder-ogg-vorbis: bf7c407c2cedff20999df2af8eb42d56 -> 
========================================================================
Received Prepare
Registering precompiled user dll's ...
Registered in 0.016379 seconds.
Begin MonoManager ReloadAssembly
Symbol file LoadedFromMemory doesn't match image C:\Users\rocio\Documents\GitHub\TP-GAME\Library\PackageCache\com.unity.visualscripting@1.7.8\Editor\VisualScripting.Core\Dependencies\YamlDotNet\Unity.VisualScripting.YamlDotNet.dll
Symbol file LoadedFromMemory doesn't match image C:\Users\rocio\Documents\GitHub\TP-GAME\Library\PackageCache\com.unity.visualscripting@1.7.8\Editor\VisualScripting.Core\Dependencies\DotNetZip\Unity.VisualScripting.IonicZip.dll
Native extension for WindowsStandalone target not found
Refreshing native plugins compatible for Editor in 2.08 ms, found 3 plugins.
Preloading 0 native plugins for Editor in 0.00 ms.
Mono: successfully reloaded assembly
- Completed reload, in 11.311 seconds
Domain Reload Profiling:
	ReloadAssembly (11312ms)
		BeginReloadAssembly (3303ms)
			ExecutionOrderSort (0ms)
			DisableScriptedObjects (165ms)
			BackupInstance (0ms)
			ReleaseScriptingObjects (0ms)
			CreateAndSetChildDomain (1162ms)
		EndReloadAssembly (6861ms)
			LoadAssemblies (1620ms)
			RebuildTransferFunctionScriptingTraits (0ms)
			SetupTypeCache (2974ms)
			ReleaseScriptCaches (11ms)
			RebuildScriptCaches (990ms)
			SetupLoadedEditorAssemblies (1662ms)
				LogAssemblyErrors (0ms)
				InitializePlatformSupportModulesInManaged (44ms)
				SetLoadedEditorAssemblies (1ms)
				RefreshPlugins (2ms)
				BeforeProcessingInitializeOnLoad (289ms)
				ProcessInitializeOnLoadAttributes (657ms)
				ProcessInitializeOnLoadMethodAttributes (648ms)
				AfterProcessingInitializeOnLoad (20ms)
				EditorAssembliesLoaded (1ms)
			ExecutionOrderSort2 (0ms)
			AwakeInstancesAfterBackupRestoration (38ms)
Platform modules already initialized, skipping
Refreshing native plugins compatible for Editor in 5.78 ms, found 3 plugins.
Preloading 0 native plugins for Editor in 0.00 ms.
Unloading 5253 Unused Serialized files (Serialized files now loaded: 0)
Unloading 40 unused Assets / (1.9 MB). Loaded Objects now: 6033.
Memory consumption went from 219.9 MB to 218.0 MB.
Total: 13.717600 ms (FindLiveObjects: 0.872200 ms CreateObjectMapping: 0.969000 ms MarkObjects: 10.974000 ms  DeleteObjects: 0.900600 ms)

AssetImportParameters requested are different than current active one (requested -> active):
  custom:video-decoder-ogg-theora: a1e56fd34408186e4bbccfd4996cb3dc -> 
  custom:container-muxer-webm: aa71ff27fc2769a1b78a27578f13a17b -> 
  custom:container-demuxer-webm: 4f35f7cbe854078d1ac9338744f61a02 -> 
  custom:video-encoder-webm-vp8: eb34c28f22e8b96e1ab97ce403110664 -> 
  custom:audio-encoder-webm-vorbis: bf7c407c2cedff20999df2af8eb42d56 -> 
  custom:framework-win-MediaFoundation: 216162199b28c13a410421893ffa2e32 -> 
  custom:container-demuxer-ogg: 62fdf1f143b41e24485cea50d1cbac27 -> 
  custom:video-decoder-webm-vp8: 9c59270c3fd7afecdb556c50c9e8de78 -> 
  custom:audio-decoder-ogg-vorbis: bf7c407c2cedff20999df2af8eb42d56 -> 
========================================================================
Received Prepare
Registering precompiled user dll's ...
Registered in 0.017299 seconds.
Begin MonoManager ReloadAssembly
Symbol file LoadedFromMemory doesn't match image C:\Users\rocio\Documents\GitHub\TP-GAME\Library\PackageCache\com.unity.visualscripting@1.7.8\Editor\VisualScripting.Core\Dependencies\YamlDotNet\Unity.VisualScripting.YamlDotNet.dll
Symbol file LoadedFromMemory doesn't match image C:\Users\rocio\Documents\GitHub\TP-GAME\Library\PackageCache\com.unity.visualscripting@1.7.8\Editor\VisualScripting.Core\Dependencies\DotNetZip\Unity.VisualScripting.IonicZip.dll
Native extension for WindowsStandalone target not found
Refreshing native plugins compatible for Editor in 7.94 ms, found 3 plugins.
Preloading 0 native plugins for Editor in 0.00 ms.
Mono: successfully reloaded assembly
- Completed reload, in 19.612 seconds
Domain Reload Profiling:
	ReloadAssembly (19625ms)
		BeginReloadAssembly (3949ms)
			ExecutionOrderSort (0ms)
			DisableScriptedObjects (94ms)
			BackupInstance (0ms)
			ReleaseScriptingObjects (1ms)
			CreateAndSetChildDomain (1266ms)
		EndReloadAssembly (13277ms)
			LoadAssemblies (2670ms)
			RebuildTransferFunctionScriptingTraits (0ms)
			SetupTypeCache (4013ms)
			ReleaseScriptCaches (30ms)
			RebuildScriptCaches (776ms)
			SetupLoadedEditorAssemblies (6106ms)
				LogAssemblyErrors (0ms)
				InitializePlatformSupportModulesInManaged (105ms)
				SetLoadedEditorAssemblies (4ms)
				RefreshPlugins (9ms)
				BeforeProcessingInitializeOnLoad (1093ms)
				ProcessInitializeOnLoadAttributes (3122ms)
				ProcessInitializeOnLoadMethodAttributes (1283ms)
				AfterProcessingInitializeOnLoad (486ms)
				EditorAssembliesLoaded (3ms)
			ExecutionOrderSort2 (0ms)
			AwakeInstancesAfterBackupRestoration (142ms)
Platform modules already initialized, skipping
Refreshing native plugins compatible for Editor in 17.02 ms, found 3 plugins.
Preloading 0 native plugins for Editor in 0.00 ms.
Unloading 5253 Unused Serialized files (Serialized files now loaded: 0)
Unloading 40 unused Assets / (1.9 MB). Loaded Objects now: 6036.
Memory consumption went from 219.9 MB to 218.0 MB.
Total: 30.598000 ms (FindLiveObjects: 5.512100 ms CreateObjectMapping: 4.918200 ms MarkObjects: 16.467600 ms  DeleteObjects: 3.695900 ms)

AssetImportParameters requested are different than current active one (requested -> active):
  custom:video-decoder-ogg-theora: a1e56fd34408186e4bbccfd4996cb3dc -> 
  custom:container-muxer-webm: aa71ff27fc2769a1b78a27578f13a17b -> 
  custom:container-demuxer-webm: 4f35f7cbe854078d1ac9338744f61a02 -> 
  custom:video-encoder-webm-vp8: eb34c28f22e8b96e1ab97ce403110664 -> 
  custom:audio-encoder-webm-vorbis: bf7c407c2cedff20999df2af8eb42d56 -> 
  custom:framework-win-MediaFoundation: 216162199b28c13a410421893ffa2e32 -> 
  custom:container-demuxer-ogg: 62fdf1f143b41e24485cea50d1cbac27 -> 
  custom:video-decoder-webm-vp8: 9c59270c3fd7afecdb556c50c9e8de78 -> 
  custom:audio-decoder-ogg-vorbis: bf7c407c2cedff20999df2af8eb42d56 -> 
========================================================================
Received Prepare
Registering precompiled user dll's ...
Registered in 0.016567 seconds.
Begin MonoManager ReloadAssembly
Symbol file LoadedFromMemory doesn't match image C:\Users\rocio\Documents\GitHub\TP-GAME\Library\PackageCache\com.unity.visualscripting@1.7.8\Editor\VisualScripting.Core\Dependencies\YamlDotNet\Unity.VisualScripting.YamlDotNet.dll
Symbol file LoadedFromMemory doesn't match image C:\Users\rocio\Documents\GitHub\TP-GAME\Library\PackageCache\com.unity.visualscripting@1.7.8\Editor\VisualScripting.Core\Dependencies\DotNetZip\Unity.VisualScripting.IonicZip.dll
Native extension for WindowsStandalone target not found
Refreshing native plugins compatible for Editor in 2.66 ms, found 3 plugins.
Preloading 0 native plugins for Editor in 0.00 ms.
Mono: successfully reloaded assembly
- Completed reload, in  5.575 seconds
Domain Reload Profiling:
	ReloadAssembly (5589ms)
		BeginReloadAssembly (1931ms)
			ExecutionOrderSort (0ms)
			DisableScriptedObjects (64ms)
			BackupInstance (0ms)
			ReleaseScriptingObjects (0ms)
			CreateAndSetChildDomain (350ms)
		EndReloadAssembly (3380ms)
			LoadAssemblies (1242ms)
			RebuildTransferFunctionScriptingTraits (0ms)
			SetupTypeCache (928ms)
			ReleaseScriptCaches (3ms)
			RebuildScriptCaches (236ms)
			SetupLoadedEditorAssemblies (1594ms)
				LogAssemblyErrors (0ms)
				InitializePlatformSupportModulesInManaged (29ms)
				SetLoadedEditorAssemblies (1ms)
				RefreshPlugins (3ms)
				BeforeProcessingInitializeOnLoad (303ms)
				ProcessInitializeOnLoadAttributes (827ms)
				ProcessInitializeOnLoadMethodAttributes (390ms)
				AfterProcessingInitializeOnLoad (40ms)
				EditorAssembliesLoaded (1ms)
			ExecutionOrderSort2 (0ms)
			AwakeInstancesAfterBackupRestoration (43ms)
Platform modules already initialized, skipping
Refreshing native plugins compatible for Editor in 6.50 ms, found 3 plugins.
Preloading 0 native plugins for Editor in 0.00 ms.
Unloading 5253 Unused Serialized files (Serialized files now loaded: 0)
Unloading 40 unused Assets / (1.9 MB). Loaded Objects now: 6039.
Memory consumption went from 219.9 MB to 218.0 MB.
Total: 7.953300 ms (FindLiveObjects: 1.014500 ms CreateObjectMapping: 0.834000 ms MarkObjects: 5.502200 ms  DeleteObjects: 0.601000 ms)

AssetImportParameters requested are different than current active one (requested -> active):
  custom:video-decoder-ogg-theora: a1e56fd34408186e4bbccfd4996cb3dc -> 
  custom:container-muxer-webm: aa71ff27fc2769a1b78a27578f13a17b -> 
  custom:container-demuxer-webm: 4f35f7cbe854078d1ac9338744f61a02 -> 
  custom:video-encoder-webm-vp8: eb34c28f22e8b96e1ab97ce403110664 -> 
  custom:audio-encoder-webm-vorbis: bf7c407c2cedff20999df2af8eb42d56 -> 
  custom:framework-win-MediaFoundation: 216162199b28c13a410421893ffa2e32 -> 
  custom:container-demuxer-ogg: 62fdf1f143b41e24485cea50d1cbac27 -> 
  custom:video-decoder-webm-vp8: 9c59270c3fd7afecdb556c50c9e8de78 -> 
  custom:audio-decoder-ogg-vorbis: bf7c407c2cedff20999df2af8eb42d56 -> 
========================================================================
Received Import Request.
  Time since last request: 4201.330786 seconds.
  path: Assets/Escenario/Nueva carpeta/0ddffa6cec77080e39ce60b86a52451c.jpg
  artifactKey: Guid(dc74de48d15cea54dbd8315816f35724) Importer(815301076,1909f56bfc062723c751e8b465ee728b)
Start importing Assets/Escenario/Nueva carpeta/0ddffa6cec77080e39ce60b86a52451c.jpg using Guid(dc74de48d15cea54dbd8315816f35724) Importer(815301076,1909f56bfc062723c751e8b465ee728b)  -> (artifact id: '29150225c97781fe6e0e1926189ebed9') in 3.135998 seconds 
========================================================================
Received Import Request.
  Time since last request: 0.000042 seconds.
  path: Assets/Escenario/Nueva carpeta/19f75f2bf6e184ef14e6f5c3a5b1aa47 1.png
  artifactKey: Guid(e6b1d1a3a5b01764cb402a51f19f6e74) Importer(815301076,1909f56bfc062723c751e8b465ee728b)
Start importing Assets/Escenario/Nueva carpeta/19f75f2bf6e184ef14e6f5c3a5b1aa47 1.png using Guid(e6b1d1a3a5b01764cb402a51f19f6e74) Importer(815301076,1909f56bfc062723c751e8b465ee728b)  -> (artifact id: '2768e3dc63e23599c9d5c7ac5104a584') in 0.917330 seconds 
========================================================================
Received Import Request.
  Time since last request: 0.000131 seconds.
  path: Assets/Escenario/Nueva carpeta/9af6989ab4b74e408bc5e08d0ba6645a 1.png
  artifactKey: Guid(5cccee05205662d44a098160671f3bb1) Importer(815301076,1909f56bfc062723c751e8b465ee728b)
Start importing Assets/Escenario/Nueva carpeta/9af6989ab4b74e408bc5e08d0ba6645a 1.png using Guid(5cccee05205662d44a098160671f3bb1) Importer(815301076,1909f56bfc062723c751e8b465ee728b)  -> (artifact id: 'e40a83e59f06c248cbef35c1ed542ab8') in 1.213077 seconds 
========================================================================
Received Import Request.
  Time since last request: 0.000170 seconds.
  path: Assets/Escenario/Nueva carpeta/3062a774a2a2c86dd6e6e49ffb91ce7c 1.png
  artifactKey: Guid(377023025b06c9f4ea6622786f757bb2) Importer(815301076,1909f56bfc062723c751e8b465ee728b)
Start importing Assets/Escenario/Nueva carpeta/3062a774a2a2c86dd6e6e49ffb91ce7c 1.png using Guid(377023025b06c9f4ea6622786f757bb2) Importer(815301076,1909f56bfc062723c751e8b465ee728b)  -> (artifact id: '196926ea7b5e7066e851318a6600e6f1') in 1.513983 seconds 
========================================================================
Received Import Request.
  Time since last request: 24.299182 seconds.
  path: Assets/Escenario/escenario rotr.fbx
  artifactKey: Guid(02aabb8e6ed2a0542ae378dd2318f7e8) Importer(815301076,1909f56bfc062723c751e8b465ee728b)
Start importing Assets/Escenario/escenario rotr.fbx using Guid(02aabb8e6ed2a0542ae378dd2318f7e8) Importer(815301076,1909f56bfc062723c751e8b465ee728b)  -> (artifact id: '13df92d6065ec1243c44db555490f128') in 44.604580 seconds 
========================================================================
Received Prepare
Registering precompiled user dll's ...
Registered in 0.023130 seconds.
Begin MonoManager ReloadAssembly
Symbol file LoadedFromMemory doesn't match image C:\Users\rocio\Documents\GitHub\TP-GAME\Library\PackageCache\com.unity.visualscripting@1.7.8\Editor\VisualScripting.Core\Dependencies\YamlDotNet\Unity.VisualScripting.YamlDotNet.dll
Symbol file LoadedFromMemory doesn't match image C:\Users\rocio\Documents\GitHub\TP-GAME\Library\PackageCache\com.unity.visualscripting@1.7.8\Editor\VisualScripting.Core\Dependencies\DotNetZip\Unity.VisualScripting.IonicZip.dll
Native extension for WindowsStandalone target not found
Refreshing native plugins compatible for Editor in 2.22 ms, found 3 plugins.
Preloading 0 native plugins for Editor in 0.00 ms.
Mono: successfully reloaded assembly
- Completed reload, in  7.489 seconds
Domain Reload Profiling:
	ReloadAssembly (7492ms)
		BeginReloadAssembly (809ms)
			ExecutionOrderSort (0ms)
			DisableScriptedObjects (29ms)
			BackupInstance (0ms)
			ReleaseScriptingObjects (0ms)
			CreateAndSetChildDomain (262ms)
		EndReloadAssembly (6148ms)
			LoadAssemblies (506ms)
			RebuildTransferFunctionScriptingTraits (0ms)
			SetupTypeCache (2549ms)
			ReleaseScriptCaches (5ms)
			RebuildScriptCaches (160ms)
			SetupLoadedEditorAssemblies (2726ms)
				LogAssemblyErrors (0ms)
				InitializePlatformSupportModulesInManaged (54ms)
				SetLoadedEditorAssemblies (3ms)
				RefreshPlugins (2ms)
				BeforeProcessingInitializeOnLoad (643ms)
				ProcessInitializeOnLoadAttributes (1514ms)
				ProcessInitializeOnLoadMethodAttributes (485ms)
				AfterProcessingInitializeOnLoad (25ms)
				EditorAssembliesLoaded (1ms)
			ExecutionOrderSort2 (0ms)
			AwakeInstancesAfterBackupRestoration (41ms)
Platform modules already initialized, skipping
Refreshing native plugins compatible for Editor in 17.99 ms, found 3 plugins.
Preloading 0 native plugins for Editor in 0.00 ms.
Unloading 5252 Unused Serialized files (Serialized files now loaded: 0)
Unloading 40 unused Assets / (1.9 MB). Loaded Objects now: 6082.
Memory consumption went from 222.0 MB to 220.1 MB.
Total: 71.234300 ms (FindLiveObjects: 0.954300 ms CreateObjectMapping: 1.027300 ms MarkObjects: 68.266400 ms  DeleteObjects: 0.984100 ms)

AssetImportParameters requested are different than current active one (requested -> active):
  custom:video-decoder-ogg-theora: a1e56fd34408186e4bbccfd4996cb3dc -> 
  custom:container-muxer-webm: aa71ff27fc2769a1b78a27578f13a17b -> 
  custom:container-demuxer-webm: 4f35f7cbe854078d1ac9338744f61a02 -> 
  custom:video-encoder-webm-vp8: eb34c28f22e8b96e1ab97ce403110664 -> 
  custom:audio-encoder-webm-vorbis: bf7c407c2cedff20999df2af8eb42d56 -> 
  custom:framework-win-MediaFoundation: 216162199b28c13a410421893ffa2e32 -> 
  custom:container-demuxer-ogg: 62fdf1f143b41e24485cea50d1cbac27 -> 
  custom:video-decoder-webm-vp8: 9c59270c3fd7afecdb556c50c9e8de78 -> 
  custom:audio-decoder-ogg-vorbis: bf7c407c2cedff20999df2af8eb42d56 -> 
========================================================================
Received Import Request.
  Time since last request: 2363.319990 seconds.
  path: Assets/Escenario/escenario rotr.fbx
  artifactKey: Guid(02aabb8e6ed2a0542ae378dd2318f7e8) Importer(815301076,1909f56bfc062723c751e8b465ee728b)
Start importing Assets/Escenario/escenario rotr.fbx using Guid(02aabb8e6ed2a0542ae378dd2318f7e8) Importer(815301076,1909f56bfc062723c751e8b465ee728b)  -> (artifact id: 'a9c1d994d33b9ee30fa59de53388f96a') in 5.472437 seconds 
========================================================================
Received Import Request.
  Time since last request: 19.621727 seconds.
  path: Assets/Prefabs/FireBall.prefab
  artifactKey: Guid(295ef9ac04610a94cbb1a90d3d89e065) Importer(815301076,1909f56bfc062723c751e8b465ee728b)
Start importing Assets/Prefabs/FireBall.prefab using Guid(295ef9ac04610a94cbb1a90d3d89e065) Importer(815301076,1909f56bfc062723c751e8b465ee728b)  -> (artifact id: 'c8243292926264352a0311c4571e9944') in 0.153888 seconds 
========================================================================
Received Import Request.
  Time since last request: 0.000044 seconds.
  path: Assets/Prefabs/SuperFireBall.prefab
  artifactKey: Guid(c329beda605f0284a85c03d7a13509ce) Importer(815301076,1909f56bfc062723c751e8b465ee728b)
Start importing Assets/Prefabs/SuperFireBall.prefab using Guid(c329beda605f0284a85c03d7a13509ce) Importer(815301076,1909f56bfc062723c751e8b465ee728b)  -> (artifact id: '2934433c1507f86d7cd6d40454f29479') in 0.248188 seconds 
========================================================================
Received Import Request.
  Time since last request: 0.000055 seconds.
  path: Assets/Prefabs/Red Enemy.prefab
  artifactKey: Guid(0183f678c1a7476488c7f66ba71788da) Importer(815301076,1909f56bfc062723c751e8b465ee728b)
Start importing Assets/Prefabs/Red Enemy.prefab using Guid(0183f678c1a7476488c7f66ba71788da) Importer(815301076,1909f56bfc062723c751e8b465ee728b)  -> (artifact id: 'a67fea94c5c70dfee44e6f5cc79334df') in 0.305142 seconds 
========================================================================
Received Import Request.
  Time since last request: 0.000438 seconds.
  path: Assets/Prefabs/TECHPALASIN RIG.prefab
  artifactKey: Guid(877e54c33c774ca4a9afc10eddc8e351) Importer(815301076,1909f56bfc062723c751e8b465ee728b)
Start importing Assets/Prefabs/TECHPALASIN RIG.prefab using Guid(877e54c33c774ca4a9afc10eddc8e351) Importer(815301076,1909f56bfc062723c751e8b465ee728b)  -> (artifact id: 'e2c8cc5352c5c0915b43e790041696c7') in 0.450407 seconds 
========================================================================
Received Import Request.
  Time since last request: 3.348729 seconds.
  path: Assets/Prefabs/escenario rotr.prefab
  artifactKey: Guid(869d7e90c35e5334aa81a31e06cbef4d) Importer(815301076,1909f56bfc062723c751e8b465ee728b)
Start importing Assets/Prefabs/escenario rotr.prefab using Guid(869d7e90c35e5334aa81a31e06cbef4d) Importer(815301076,1909f56bfc062723c751e8b465ee728b)  -> (artifact id: '3dd1c5b6a3eba9efbf129a573edb5c63') in 0.760636 seconds 
========================================================================
Received Import Request.
  Time since last request: 153.317593 seconds.
  path: Assets/Escenario/83514f10bc992e5bac73e09eb96fe955 3.png
  artifactKey: Guid(2d5914d7c85f0ef47850a4c419e19753) Importer(815301076,1909f56bfc062723c751e8b465ee728b)
Start importing Assets/Escenario/83514f10bc992e5bac73e09eb96fe955 3.png using Guid(2d5914d7c85f0ef47850a4c419e19753) Importer(815301076,1909f56bfc062723c751e8b465ee728b)  -> (artifact id: '5a7b77b0680969fb6d98e0cde72b4524') in 0.182200 seconds 
========================================================================
Received Import Request.
  Time since last request: 0.000104 seconds.
  path: Assets/Escenario/a9d6074a689d4ba9e07ce27fa6f9d81a 2.png
  artifactKey: Guid(49ea05110d97f7a4baa2c75544e64cef) Importer(815301076,1909f56bfc062723c751e8b465ee728b)
Start importing Assets/Escenario/a9d6074a689d4ba9e07ce27fa6f9d81a 2.png using Guid(49ea05110d97f7a4baa2c75544e64cef) Importer(815301076,1909f56bfc062723c751e8b465ee728b)  -> (artifact id: '809a92d7407578c467d03163bc1253fa') in 0.212731 seconds 
========================================================================
Received Import Request.
  Time since last request: 0.000067 seconds.
  path: Assets/Escenario/atlas1 1.png
  artifactKey: Guid(a47aa9f7b1cc846499c418ea8feeff35) Importer(815301076,1909f56bfc062723c751e8b465ee728b)
Start importing Assets/Escenario/atlas1 1.png using Guid(a47aa9f7b1cc846499c418ea8feeff35) Importer(815301076,1909f56bfc062723c751e8b465ee728b)  -> (artifact id: '8b5b9b82d7d4268f5dfab673c87a2c6b') in 0.157187 seconds 
========================================================================
Received Import Request.
  Time since last request: 0.000040 seconds.
  path: Assets/Escenario/abd71c8446823d84772a08004932e84c 1.jpg
  artifactKey: Guid(56b1a6b682b2b9242b78c7bc0c7d26db) Importer(815301076,1909f56bfc062723c751e8b465ee728b)
Start importing Assets/Escenario/abd71c8446823d84772a08004932e84c 1.jpg using Guid(56b1a6b682b2b9242b78c7bc0c7d26db) Importer(815301076,1909f56bfc062723c751e8b465ee728b)  -> (artifact id: 'b26326ab773bb132cae6963637b2a74b') in 0.120910 seconds 
========================================================================
Received Import Request.
  Time since last request: 3.448827 seconds.
  path: Assets/Escenario/escenario rotr.fbx
  artifactKey: Guid(02aabb8e6ed2a0542ae378dd2318f7e8) Importer(815301076,1909f56bfc062723c751e8b465ee728b)
Start importing Assets/Escenario/escenario rotr.fbx using Guid(02aabb8e6ed2a0542ae378dd2318f7e8) Importer(815301076,1909f56bfc062723c751e8b465ee728b)  -> (artifact id: '6beb19f5b2faacb5c089b7c549f51336') in 5.678174 seconds 
========================================================================
Received Import Request.
  Time since last request: 2607.503570 seconds.
  path: Assets/Escenario/e430c22ec4684543d45694abf366a1df 2.png
  artifactKey: Guid(a8761f6311d3b0e42af6cf6e347a2efa) Importer(815301076,1909f56bfc062723c751e8b465ee728b)
Start importing Assets/Escenario/e430c22ec4684543d45694abf366a1df 2.png using Guid(a8761f6311d3b0e42af6cf6e347a2efa) Importer(815301076,1909f56bfc062723c751e8b465ee728b)  -> (artifact id: 'fc947b045088af6ccbd9c3175c128be3') in 0.260869 seconds 
========================================================================
Received Import Request.
  Time since last request: 0.000117 seconds.
  path: Assets/Escenario/Marble01_rgh 1.jpg
  artifactKey: Guid(cd99dceb0688d844694c0037d1a72591) Importer(815301076,1909f56bfc062723c751e8b465ee728b)
Start importing Assets/Escenario/Marble01_rgh 1.jpg using Guid(cd99dceb0688d844694c0037d1a72591) Importer(815301076,1909f56bfc062723c751e8b465ee728b)  -> (artifact id: '72dccb0f33eda3292d5ed8f8c56ff26c') in 0.067161 seconds 
========================================================================
Received Import Request.
  Time since last request: 0.000097 seconds.
  path: Assets/Escenario/painted-cmu-block-stretcher-5f2b0ffd2cdfe-1200 3.png
  artifactKey: Guid(fd1b8b4c586f1bf41bbfa8a417df4e04) Importer(815301076,1909f56bfc062723c751e8b465ee728b)
Start importing Assets/Escenario/painted-cmu-block-stretcher-5f2b0ffd2cdfe-1200 3.png using Guid(fd1b8b4c586f1bf41bbfa8a417df4e04) Importer(815301076,1909f56bfc062723c751e8b465ee728b)  -> (artifact id: 'ed3bf3a748131364e8b0926c68bcee58') in 0.091916 seconds 
========================================================================
Received Import Request.
  Time since last request: 0.000040 seconds.
  path: Assets/Escenario/granitesmooth1-normal2 1.jpg
  artifactKey: Guid(9f917b44c4b7ce74284df7f7ff560ef1) Importer(815301076,1909f56bfc062723c751e8b465ee728b)
Start importing Assets/Escenario/granitesmooth1-normal2 1.jpg using Guid(9f917b44c4b7ce74284df7f7ff560ef1) Importer(815301076,1909f56bfc062723c751e8b465ee728b)  -> (artifact id: 'a8ec87facf0e0e5537b26da37f692f30') in 0.177209 seconds 
========================================================================
Received Import Request.
  Time since last request: 23.613664 seconds.
  path: Assets/Escenario/escenario rotr.fbx
  artifactKey: Guid(02aabb8e6ed2a0542ae378dd2318f7e8) Importer(815301076,1909f56bfc062723c751e8b465ee728b)
Start importing Assets/Escenario/escenario rotr.fbx using Guid(02aabb8e6ed2a0542ae378dd2318f7e8) Importer(815301076,1909f56bfc062723c751e8b465ee728b)  -> (artifact id: 'd174a51b3eec868741ac38d9a78ca4e9') in 5.760127 seconds 
========================================================================
Received Import Request.
  Time since last request: 6.885730 seconds.
  path: Assets/Escenario/escenario rotr.fbx
  artifactKey: Guid(02aabb8e6ed2a0542ae378dd2318f7e8) Importer(815301076,1909f56bfc062723c751e8b465ee728b)
Start importing Assets/Escenario/escenario rotr.fbx using Guid(02aabb8e6ed2a0542ae378dd2318f7e8) Importer(815301076,1909f56bfc062723c751e8b465ee728b)  -> (artifact id: 'fcea596be41435b523bc12ddea00c11f') in 5.989489 seconds 
========================================================================
Received Import Request.
  Time since last request: 3700.312937 seconds.
  path: Assets/Escenario/boxwood_lambert2SG.mat
  artifactKey: Guid(ab9026d6fbdf9bc4ea77657decbd6678) Importer(815301076,1909f56bfc062723c751e8b465ee728b)
Start importing Assets/Escenario/boxwood_lambert2SG.mat using Guid(ab9026d6fbdf9bc4ea77657decbd6678) Importer(815301076,1909f56bfc062723c751e8b465ee728b)  -> (artifact id: 'cebe0dbe1e13d6ebabdce1d95edbc4ce') in 0.332793 seconds 
========================================================================
Received Import Request.
  Time since last request: 0.000044 seconds.
  path: Assets/Escenario/Circuitos.002.mat
  artifactKey: Guid(9ccab2fe614979e48a54d822344e7e6e) Importer(815301076,1909f56bfc062723c751e8b465ee728b)
Start importing Assets/Escenario/Circuitos.002.mat using Guid(9ccab2fe614979e48a54d822344e7e6e) Importer(815301076,1909f56bfc062723c751e8b465ee728b)  -> (artifact id: 'b9476e7d5573f364864ac0479d3f4815') in 0.049559 seconds 
========================================================================
Received Import Request.
  Time since last request: 0.000047 seconds.
  path: Assets/Escenario/lambert2SG.002.mat
  artifactKey: Guid(132ec72eb17bbb44f9b5a694342a2631) Importer(815301076,1909f56bfc062723c751e8b465ee728b)
Start importing Assets/Escenario/lambert2SG.002.mat using Guid(132ec72eb17bbb44f9b5a694342a2631) Importer(815301076,1909f56bfc062723c751e8b465ee728b)  -> (artifact id: '575008dc698a55cb30f0bff2ee2a0b02') in 0.135887 seconds 
========================================================================
Received Import Request.
  Time since last request: 0.000055 seconds.
  path: Assets/Escenario/lambert2SG.005.mat
  artifactKey: Guid(655745add78c2f242b0a0dc857659a58) Importer(815301076,1909f56bfc062723c751e8b465ee728b)
Start importing Assets/Escenario/lambert2SG.005.mat using Guid(655745add78c2f242b0a0dc857659a58) Importer(815301076,1909f56bfc062723c751e8b465ee728b)  -> (artifact id: '5e2814c1ed8918aa540742d35d9a3c32') in 0.081582 seconds 
========================================================================
Received Import Request.
  Time since last request: 0.000043 seconds.
  path: Assets/Escenario/boxxe_phong1SG.mat
  artifactKey: Guid(01a034fd7e23d57429ac9b1ed12c2ae0) Importer(815301076,1909f56bfc062723c751e8b465ee728b)
Start importing Assets/Escenario/boxxe_phong1SG.mat using Guid(01a034fd7e23d57429ac9b1ed12c2ae0) Importer(815301076,1909f56bfc062723c751e8b465ee728b)  -> (artifact id: '45a34a8fc1bcde87a8788271b56ea819') in 0.142445 seconds 
========================================================================
Received Import Request.
  Time since last request: 0.000199 seconds.
  path: Assets/Escenario/Circuitos.mat
  artifactKey: Guid(da70e1c9f8400b740833e8b754c80d56) Importer(815301076,1909f56bfc062723c751e8b465ee728b)
Start importing Assets/Escenario/Circuitos.mat using Guid(da70e1c9f8400b740833e8b754c80d56) Importer(815301076,1909f56bfc062723c751e8b465ee728b)  -> (artifact id: 'cb7ed501069ebb9a5302b96237e3e542') in 0.038109 seconds 
========================================================================
Received Import Request.
  Time since last request: 0.000038 seconds.
  path: Assets/Escenario/lambert2SG.004.mat
  artifactKey: Guid(b1a4a237c77c65743a7a0b8c8d9ddbb5) Importer(815301076,1909f56bfc062723c751e8b465ee728b)
Start importing Assets/Escenario/lambert2SG.004.mat using Guid(b1a4a237c77c65743a7a0b8c8d9ddbb5) Importer(815301076,1909f56bfc062723c751e8b465ee728b)  -> (artifact id: '276da3e6d53fc806245af8f04a401de5') in 0.059708 seconds 
========================================================================
Received Import Request.
  Time since last request: 0.000044 seconds.
  path: Assets/Escenario/Gris oscuro.mat
  artifactKey: Guid(2f0675ca9c6ee7947876a36de064d516) Importer(815301076,1909f56bfc062723c751e8b465ee728b)
Start importing Assets/Escenario/Gris oscuro.mat using Guid(2f0675ca9c6ee7947876a36de064d516) Importer(815301076,1909f56bfc062723c751e8b465ee728b)  -> (artifact id: '9bf1a02c3be2d504d7cfb6d3dfd4045c') in 0.104157 seconds 
========================================================================
Received Import Request.
  Time since last request: 0.000044 seconds.
  path: Assets/Escenario/dirt.mat
  artifactKey: Guid(5d6be2eb54e157e42ab02497f2c52021) Importer(815301076,1909f56bfc062723c751e8b465ee728b)
Start importing Assets/Escenario/dirt.mat using Guid(5d6be2eb54e157e42ab02497f2c52021) Importer(815301076,1909f56bfc062723c751e8b465ee728b)  -> (artifact id: '004b2dad6844ddb201c709e7ca779b44') in 0.112473 seconds 
========================================================================
Received Import Request.
  Time since last request: 0.000302 seconds.
  path: Assets/Escenario/dry-dirt2-albedo 1.jpg
  artifactKey: Guid(0d1ae04132ba014419009ddf955a5235) Importer(815301076,1909f56bfc062723c751e8b465ee728b)
Start importing Assets/Escenario/dry-dirt2-albedo 1.jpg using Guid(0d1ae04132ba014419009ddf955a5235) Importer(815301076,1909f56bfc062723c751e8b465ee728b)  -> (artifact id: 'c26bf5c1f9254eb1d2f9e6700e6d2e13') in 0.063147 seconds 
========================================================================
Received Import Request.
  Time since last request: 0.000057 seconds.
  path: Assets/Escenario/lambert2SG.mat
  artifactKey: Guid(d6235a7ac728a6940ad6f894e08663d7) Importer(815301076,1909f56bfc062723c751e8b465ee728b)
Start importing Assets/Escenario/lambert2SG.mat using Guid(d6235a7ac728a6940ad6f894e08663d7) Importer(815301076,1909f56bfc062723c751e8b465ee728b)  -> (artifact id: '9c51f08ec10f046347c79d3dc366c1a4') in 0.158532 seconds 
========================================================================
Received Import Request.
  Time since last request: 0.000075 seconds.
  path: Assets/Escenario/lambert2SG.003.mat
  artifactKey: Guid(ae6607bee64354b4aba6c214acfc7b1e) Importer(815301076,1909f56bfc062723c751e8b465ee728b)
Start importing Assets/Escenario/lambert2SG.003.mat using Guid(ae6607bee64354b4aba6c214acfc7b1e) Importer(815301076,1909f56bfc062723c751e8b465ee728b)  -> (artifact id: '591343b1fdcb2fb75ee500e07038171b') in 0.206737 seconds 
========================================================================
Received Import Request.
  Time since last request: 0.000138 seconds.
  path: Assets/Escenario/dry-dirt2-normal2 1.jpg
  artifactKey: Guid(f9a56742005640443945c3cb3cda5334) Importer(815301076,1909f56bfc062723c751e8b465ee728b)
Start importing Assets/Escenario/dry-dirt2-normal2 1.jpg using Guid(f9a56742005640443945c3cb3cda5334) Importer(815301076,1909f56bfc062723c751e8b465ee728b)  -> (artifact id: '5eaa19ce3e00be9cd95dd4bb5ec1cb48') in 0.165009 seconds 
========================================================================
Received Import Request.
  Time since last request: 0.000056 seconds.
  path: Assets/Escenario/lambert2SG.001.mat
  artifactKey: Guid(3cc294422afb8124a846c77da683e939) Importer(815301076,1909f56bfc062723c751e8b465ee728b)
Start importing Assets/Escenario/lambert2SG.001.mat using Guid(3cc294422afb8124a846c77da683e939) Importer(815301076,1909f56bfc062723c751e8b465ee728b)  -> (artifact id: 'a4b40eb6926051ca7e01a0d57d69596b') in 0.115236 seconds 
========================================================================
Received Import Request.
  Time since last request: 0.000165 seconds.
  path: Assets/Escenario/carro.mat
  artifactKey: Guid(70b1a7f09b1cebf43a32023f3836c7c7) Importer(815301076,1909f56bfc062723c751e8b465ee728b)
Start importing Assets/Escenario/carro.mat using Guid(70b1a7f09b1cebf43a32023f3836c7c7) Importer(815301076,1909f56bfc062723c751e8b465ee728b)  -> (artifact id: '16ffaa179c4aee0577d0bc6cb3f49d9d') in 0.094507 seconds 
========================================================================
Received Import Request.
  Time since last request: 2.259293 seconds.
  path: Assets/Escenario/azul edificio.mat
  artifactKey: Guid(cf92f5ccf2d0f3a49b423a02ceb3f2fa) Importer(815301076,1909f56bfc062723c751e8b465ee728b)
Start importing Assets/Escenario/azul edificio.mat using Guid(cf92f5ccf2d0f3a49b423a02ceb3f2fa) Importer(815301076,1909f56bfc062723c751e8b465ee728b)  -> (artifact id: 'd423114fe3507eb513852a60ce208a36') in 0.037439 seconds 
========================================================================
Received Import Request.
  Time since last request: 0.226897 seconds.
  path: Assets/Escenario/boxwood_lambert2SG.001.mat
  artifactKey: Guid(f69ac617b32b7914a8077fce25fd6644) Importer(815301076,1909f56bfc062723c751e8b465ee728b)
Start importing Assets/Escenario/boxwood_lambert2SG.001.mat using Guid(f69ac617b32b7914a8077fce25fd6644) Importer(815301076,1909f56bfc062723c751e8b465ee728b)  -> (artifact id: 'fba32711bdd1c014869cf615c7e58bf7') in 0.021333 seconds 
========================================================================
Received Import Request.
  Time since last request: 0.709338 seconds.
  path: Assets/Escenario/117ed3a30f949a6cacbb576ae93e4c38 1.jpg
  artifactKey: Guid(0868c1624c70a9845b2447c684ce4429) Importer(815301076,1909f56bfc062723c751e8b465ee728b)
Start importing Assets/Escenario/117ed3a30f949a6cacbb576ae93e4c38 1.jpg using Guid(0868c1624c70a9845b2447c684ce4429) Importer(815301076,1909f56bfc062723c751e8b465ee728b)  -> (artifact id: '1109b8c4648cc465daacc04dd9fd455d') in 0.169341 seconds 
========================================================================
Received Import Request.
  Time since last request: 0.224581 seconds.
  path: Assets/Escenario/9af6989ab4b74e408bc5e08d0ba6645a 2.png
  artifactKey: Guid(555df356d09524644b6bffd259ad31ca) Importer(815301076,1909f56bfc062723c751e8b465ee728b)
Start importing Assets/Escenario/9af6989ab4b74e408bc5e08d0ba6645a 2.png using Guid(555df356d09524644b6bffd259ad31ca) Importer(815301076,1909f56bfc062723c751e8b465ee728b)  -> (artifact id: '9ff2f6e1faee2165815666eb2ffd4b33') in 0.097103 seconds 
========================================================================
Received Import Request.
  Time since last request: 0.131067 seconds.
  path: Assets/Escenario/9af6989ab4b74e408bc5e08d0ba6645a 1.jpg
  artifactKey: Guid(07ffad48b08b24247b2cb5b7bddf752b) Importer(815301076,1909f56bfc062723c751e8b465ee728b)
Start importing Assets/Escenario/9af6989ab4b74e408bc5e08d0ba6645a 1.jpg using Guid(07ffad48b08b24247b2cb5b7bddf752b) Importer(815301076,1909f56bfc062723c751e8b465ee728b)  -> (artifact id: '705e06d9f7f775610fa8b5f875ad4068') in 0.046613 seconds 
========================================================================
Received Import Request.
  Time since last request: 0.276020 seconds.
  path: Assets/Escenario/3d107a9fc025192d4c071060c13c1401 1.jpg
  artifactKey: Guid(0cf5693ac3842934d8275e27cd5493de) Importer(815301076,1909f56bfc062723c751e8b465ee728b)
Start importing Assets/Escenario/3d107a9fc025192d4c071060c13c1401 1.jpg using Guid(0cf5693ac3842934d8275e27cd5493de) Importer(815301076,1909f56bfc062723c751e8b465ee728b)  -> (artifact id: 'c91f805f83e9e8f0828c55dbce2652b9') in 0.203274 seconds 
========================================================================
Received Import Request.
  Time since last request: 0.374283 seconds.
  path: Assets/Escenario/1fb4455c2570f6970ec2e2a368735067 1.jpg
  artifactKey: Guid(17b2216d975ea184e90e791bf2ff7c2b) Importer(815301076,1909f56bfc062723c751e8b465ee728b)
Start importing Assets/Escenario/1fb4455c2570f6970ec2e2a368735067 1.jpg using Guid(17b2216d975ea184e90e791bf2ff7c2b) Importer(815301076,1909f56bfc062723c751e8b465ee728b)  -> (artifact id: 'cd37b9deb12722a1804fbd56220f7e3d') in 0.071952 seconds 
