Using pre-set license
Built from '2021.3/evg/staging/82bb020e-b03b1330/draft-0' branch; Version is '2021.3.16f1 (4016570cf34f) revision 4200023'; Using compiler version '192829333'; Build Type 'Release'
OS: 'Windows 10  (10.0.19045) 64bit Professional' Language: 'es' Physical Memory: 16223 MB
BatchMode: 1, IsHumanControllingUs: 0, StartBugReporterOnCrash: 0, Is64bit: 1, IsPro: 1

COMMAND LINE ARGUMENTS:
C:\Program Files\Unity\Hub\Editor\2021.3.16f1\Editor\Unity.exe
-adb2
-batchMode
-noUpm
-name
AssetImportWorker2
-projectPath
C:/Users/rocio/Documents/GitHub/TP-GAME
-logFile
Logs/AssetImportWorker2.log
-srvPort
65439
Successfully changed project path to: C:/Users/rocio/Documents/GitHub/TP-GAME
C:/Users/rocio/Documents/GitHub/TP-GAME
[UnityMemory] Configuration Parameters - Can be set up in boot.config
    "memorysetup-bucket-allocator-granularity=16"
    "memorysetup-bucket-allocator-bucket-count=8"
    "memorysetup-bucket-allocator-block-size=33554432"
    "memorysetup-bucket-allocator-block-count=8"
    "memorysetup-main-allocator-block-size=16777216"
    "memorysetup-thread-allocator-block-size=16777216"
    "memorysetup-gfx-main-allocator-block-size=16777216"
    "memorysetup-gfx-thread-allocator-block-size=16777216"
    "memorysetup-cache-allocator-block-size=4194304"
    "memorysetup-typetree-allocator-block-size=2097152"
    "memorysetup-profiler-bucket-allocator-granularity=16"
    "memorysetup-profiler-bucket-allocator-bucket-count=8"
    "memorysetup-profiler-bucket-allocator-block-size=33554432"
    "memorysetup-profiler-bucket-allocator-block-count=8"
    "memorysetup-profiler-allocator-block-size=16777216"
    "memorysetup-profiler-editor-allocator-block-size=1048576"
    "memorysetup-temp-allocator-size-main=16777216"
    "memorysetup-job-temp-allocator-block-size=2097152"
    "memorysetup-job-temp-allocator-block-size-background=1048576"
    "memorysetup-job-temp-allocator-reduction-small-platforms=262144"
    "memorysetup-temp-allocator-size-background-worker=32768"
    "memorysetup-temp-allocator-size-job-worker=262144"
    "memorysetup-temp-allocator-size-preload-manager=33554432"
    "memorysetup-temp-allocator-size-nav-mesh-worker=65536"
    "memorysetup-temp-allocator-size-audio-worker=65536"
    "memorysetup-temp-allocator-size-cloud-worker=32768"
    "memorysetup-temp-allocator-size-gi-baking-worker=262144"
    "memorysetup-temp-allocator-size-gfx=262144"
Player connection [21088] Host "[IP] 192.168.1.127 [Port] 0 [Flags] 2 [Guid] 3256712798 [EditorId] 3256712798 [Version] 1048832 [Id] WindowsEditor(7,DESKTOP-HV5EPP2) [Debug] 1 [PackageName] WindowsEditor [ProjectName] Editor" joined multi-casting on [225.0.0.222:54997]...

Player connection [21088] Host "[IP] 192.168.1.127 [Port] 0 [Flags] 2 [Guid] 3256712798 [EditorId] 3256712798 [Version] 1048832 [Id] WindowsEditor(7,DESKTOP-HV5EPP2) [Debug] 1 [PackageName] WindowsEditor [ProjectName] Editor" joined alternative multi-casting on [225.0.0.222:34997]...

Refreshing native plugins compatible for Editor in 307.44 ms, found 3 plugins.
Preloading 0 native plugins for Editor in 0.00 ms.
Initialize engine version: 2021.3.16f1 (4016570cf34f)
[Subsystems] Discovering subsystems at path C:/Program Files/Unity/Hub/Editor/2021.3.16f1/Editor/Data/Resources/UnitySubsystems
[Subsystems] Discovering subsystems at path C:/Users/rocio/Documents/GitHub/TP-GAME/Assets
GfxDevice: creating device client; threaded=0; jobified=0
Direct3D:
    Version:  Direct3D 11.0 [level 11.1]
    Renderer: Intel(R) HD Graphics 620 (ID=0x5916)
    Vendor:   Intel
    VRAM:     8111 MB
    Driver:   23.20.16.4973
Initialize mono
Mono path[0] = 'C:/Program Files/Unity/Hub/Editor/2021.3.16f1/Editor/Data/Managed'
Mono path[1] = 'C:/Program Files/Unity/Hub/Editor/2021.3.16f1/Editor/Data/MonoBleedingEdge/lib/mono/unityjit-win32'
Mono config path = 'C:/Program Files/Unity/Hub/Editor/2021.3.16f1/Editor/Data/MonoBleedingEdge/etc'
Using monoOptions --debugger-agent=transport=dt_socket,embedding=1,server=y,suspend=n,address=127.0.0.1:56616
Begin MonoManager ReloadAssembly
Registering precompiled unity dll's ...
Register platform support module: C:/Program Files/Unity/Hub/Editor/2021.3.16f1/Editor/Data/PlaybackEngines/WindowsStandaloneSupport/UnityEditor.WindowsStandalone.Extensions.dll
Registered in 0.015024 seconds.
Native extension for WindowsStandalone target not found
Refreshing native plugins compatible for Editor in 418.35 ms, found 3 plugins.
Preloading 0 native plugins for Editor in 0.00 ms.
Mono: successfully reloaded assembly
- Completed reload, in  1.941 seconds
Domain Reload Profiling:
	ReloadAssembly (1942ms)
		BeginReloadAssembly (169ms)
			ExecutionOrderSort (0ms)
			DisableScriptedObjects (0ms)
			BackupInstance (0ms)
			ReleaseScriptingObjects (0ms)
			CreateAndSetChildDomain (1ms)
		EndReloadAssembly (1531ms)
			LoadAssemblies (164ms)
			RebuildTransferFunctionScriptingTraits (0ms)
			SetupTypeCache (253ms)
			ReleaseScriptCaches (0ms)
			RebuildScriptCaches (92ms)
			SetupLoadedEditorAssemblies (1044ms)
				LogAssemblyErrors (0ms)
				InitializePlatformSupportModulesInManaged (22ms)
				SetLoadedEditorAssemblies (0ms)
				RefreshPlugins (418ms)
				BeforeProcessingInitializeOnLoad (3ms)
				ProcessInitializeOnLoadAttributes (396ms)
				ProcessInitializeOnLoadMethodAttributes (204ms)
				AfterProcessingInitializeOnLoad (0ms)
				EditorAssembliesLoaded (0ms)
			ExecutionOrderSort2 (0ms)
			AwakeInstancesAfterBackupRestoration (0ms)
Platform modules already initialized, skipping
Registering precompiled user dll's ...
Registered in 0.025701 seconds.
Begin MonoManager ReloadAssembly
Symbol file LoadedFromMemory doesn't match image C:\Users\rocio\Documents\GitHub\TP-GAME\Library\PackageCache\com.unity.visualscripting@1.7.8\Editor\VisualScripting.Core\Dependencies\YamlDotNet\Unity.VisualScripting.YamlDotNet.dll
Symbol file LoadedFromMemory doesn't match image C:\Users\rocio\Documents\GitHub\TP-GAME\Library\PackageCache\com.unity.visualscripting@1.7.8\Editor\VisualScripting.Core\Dependencies\DotNetZip\Unity.VisualScripting.IonicZip.dll
Native extension for WindowsStandalone target not found
Refreshing native plugins compatible for Editor in 479.56 ms, found 3 plugins.
Preloading 0 native plugins for Editor in 0.00 ms.
Mono: successfully reloaded assembly
- Completed reload, in  4.942 seconds
Domain Reload Profiling:
	ReloadAssembly (4944ms)
		BeginReloadAssembly (285ms)
			ExecutionOrderSort (0ms)
			DisableScriptedObjects (15ms)
			BackupInstance (0ms)
			ReleaseScriptingObjects (1ms)
			CreateAndSetChildDomain (63ms)
		EndReloadAssembly (4422ms)
			LoadAssemblies (218ms)
			RebuildTransferFunctionScriptingTraits (0ms)
			SetupTypeCache (1006ms)
			ReleaseScriptCaches (2ms)
			RebuildScriptCaches (201ms)
			SetupLoadedEditorAssemblies (2882ms)
				LogAssemblyErrors (0ms)
				InitializePlatformSupportModulesInManaged (32ms)
				SetLoadedEditorAssemblies (0ms)
				RefreshPlugins (480ms)
				BeforeProcessingInitializeOnLoad (430ms)
				ProcessInitializeOnLoadAttributes (1391ms)
				ProcessInitializeOnLoadMethodAttributes (526ms)
				AfterProcessingInitializeOnLoad (23ms)
				EditorAssembliesLoaded (0ms)
			ExecutionOrderSort2 (0ms)
			AwakeInstancesAfterBackupRestoration (20ms)
Platform modules already initialized, skipping
========================================================================
Worker process is ready to serve import requests
Launched and connected shader compiler UnityShaderCompiler.exe after 0.16 seconds
Refreshing native plugins compatible for Editor in 2.10 ms, found 3 plugins.
Preloading 0 native plugins for Editor in 0.00 ms.
Unloading 5410 Unused Serialized files (Serialized files now loaded: 0)
Unloading 51 unused Assets / (1.9 MB). Loaded Objects now: 5856.
Memory consumption went from 221.5 MB to 219.5 MB.
Total: 12.454400 ms (FindLiveObjects: 1.632200 ms CreateObjectMapping: 0.806000 ms MarkObjects: 9.393200 ms  DeleteObjects: 0.620000 ms)

AssetImportParameters requested are different than current active one (requested -> active):
  custom:video-decoder-ogg-theora: a1e56fd34408186e4bbccfd4996cb3dc -> 
  custom:container-muxer-webm: aa71ff27fc2769a1b78a27578f13a17b -> 
  custom:container-demuxer-webm: 4f35f7cbe854078d1ac9338744f61a02 -> 
  custom:video-encoder-webm-vp8: eb34c28f22e8b96e1ab97ce403110664 -> 
  custom:audio-encoder-webm-vorbis: bf7c407c2cedff20999df2af8eb42d56 -> 
  custom:framework-win-MediaFoundation: 216162199b28c13a410421893ffa2e32 -> 
  custom:container-demuxer-ogg: 62fdf1f143b41e24485cea50d1cbac27 -> 
  custom:video-decoder-webm-vp8: 9c59270c3fd7afecdb556c50c9e8de78 -> 
  custom:audio-decoder-ogg-vorbis: bf7c407c2cedff20999df2af8eb42d56 -> 
========================================================================
Received Import Request.
  Time since last request: 736969.417705 seconds.
  path: Assets/Escenario/Nueva carpeta
  artifactKey: Guid(d0663a4c0643ea5429a1182e9d277b89) Importer(815301076,1909f56bfc062723c751e8b465ee728b)
Start importing Assets/Escenario/Nueva carpeta using Guid(d0663a4c0643ea5429a1182e9d277b89) Importer(815301076,1909f56bfc062723c751e8b465ee728b)  -> (artifact id: '22824af74f3687e1afda7b97010b24bc') in 0.048377 seconds 
========================================================================
Received Import Request.
  Time since last request: 0.079953 seconds.
  path: Assets/Escenario/Nueva carpeta/83514f10bc992e5bac73e09eb96fe955 1.png
  artifactKey: Guid(0ef731a9960d345448cb8f61f3c119d4) Importer(815301076,1909f56bfc062723c751e8b465ee728b)
Start importing Assets/Escenario/Nueva carpeta/83514f10bc992e5bac73e09eb96fe955 1.png using Guid(0ef731a9960d345448cb8f61f3c119d4) Importer(815301076,1909f56bfc062723c751e8b465ee728b)  -> (artifact id: 'edd5f2f07fc5fde3c849f8026c3dccd8') in 0.160316 seconds 
========================================================================
Received Import Request.
  Time since last request: 0.844732 seconds.
  path: Assets/Escenario/Nueva carpeta/a9d6074a689d4ba9e07ce27fa6f9d81a 1.png
  artifactKey: Guid(f15311c3838c80d40a94272ec2daf89a) Importer(815301076,1909f56bfc062723c751e8b465ee728b)
Start importing Assets/Escenario/Nueva carpeta/a9d6074a689d4ba9e07ce27fa6f9d81a 1.png using Guid(f15311c3838c80d40a94272ec2daf89a) Importer(815301076,1909f56bfc062723c751e8b465ee728b)  -> (artifact id: 'f9f1135b7839d880defb950bbe4c9491') in 0.066592 seconds 
========================================================================
Received Import Request.
  Time since last request: 0.383350 seconds.
  path: Assets/Escenario/Nueva carpeta/b863970922a37bc236ad777e7e884068 1.png
  artifactKey: Guid(1ffbf7597bd7ea44893331cbb7ad290d) Importer(815301076,1909f56bfc062723c751e8b465ee728b)
Start importing Assets/Escenario/Nueva carpeta/b863970922a37bc236ad777e7e884068 1.png using Guid(1ffbf7597bd7ea44893331cbb7ad290d) Importer(815301076,1909f56bfc062723c751e8b465ee728b)  -> (artifact id: 'b397000fdc078f9d83666abec088a53b') in 0.064039 seconds 
========================================================================
Received Import Request.
  Time since last request: 0.212414 seconds.
  path: Assets/Escenario/Nueva carpeta/e29a012e930af0492aa9c9932fefd163 2.png
  artifactKey: Guid(7d440dcfd1642dd4f858738fa588e1e9) Importer(815301076,1909f56bfc062723c751e8b465ee728b)
Start importing Assets/Escenario/Nueva carpeta/e29a012e930af0492aa9c9932fefd163 2.png using Guid(7d440dcfd1642dd4f858738fa588e1e9) Importer(815301076,1909f56bfc062723c751e8b465ee728b)  -> (artifact id: 'bccd27ad9d41e16625b23c94b6becf09') in 0.067902 seconds 
========================================================================
Received Import Request.
  Time since last request: 0.214921 seconds.
  path: Assets/Escenario/Nueva carpeta/e430c22ec4684543d45694abf366a1df 1.png
  artifactKey: Guid(caf1287e0cd2ede4cad9464b422df92f) Importer(815301076,1909f56bfc062723c751e8b465ee728b)
Start importing Assets/Escenario/Nueva carpeta/e430c22ec4684543d45694abf366a1df 1.png using Guid(caf1287e0cd2ede4cad9464b422df92f) Importer(815301076,1909f56bfc062723c751e8b465ee728b)  -> (artifact id: '6747efc4f2a1f37f6dc1183b16199642') in 0.075647 seconds 
========================================================================
Received Import Request.
  Time since last request: 0.000065 seconds.
  path: Assets/Escenario/Nueva carpeta/Fence007A_8K-JPG_Color.jpg
  artifactKey: Guid(f082e6b4a446c594d92f838175a0bc1f) Importer(815301076,1909f56bfc062723c751e8b465ee728b)
Start importing Assets/Escenario/Nueva carpeta/Fence007A_8K-JPG_Color.jpg using Guid(f082e6b4a446c594d92f838175a0bc1f) Importer(815301076,1909f56bfc062723c751e8b465ee728b)  -> (artifact id: 'a08301975256005d9e485a65d2e022e1') in 0.134947 seconds 
========================================================================
Received Import Request.
  Time since last request: 0.073578 seconds.
  path: Assets/Escenario/Nueva carpeta/Group 35.png
  artifactKey: Guid(d671c14e9ebea5b4894b923d4f9aa1cd) Importer(815301076,1909f56bfc062723c751e8b465ee728b)
Start importing Assets/Escenario/Nueva carpeta/Group 35.png using Guid(d671c14e9ebea5b4894b923d4f9aa1cd) Importer(815301076,1909f56bfc062723c751e8b465ee728b)  -> (artifact id: 'bf0505ae07ae04b044cf2174afaafcc5') in 0.118481 seconds 
========================================================================
Received Import Request.
  Time since last request: 0.094104 seconds.
  path: Assets/Escenario/Nueva carpeta/istockphoto-481248302-170667a 1.png
  artifactKey: Guid(bc691bee08ed70b4fa7a77a326b340c9) Importer(815301076,1909f56bfc062723c751e8b465ee728b)
Start importing Assets/Escenario/Nueva carpeta/istockphoto-481248302-170667a 1.png using Guid(bc691bee08ed70b4fa7a77a326b340c9) Importer(815301076,1909f56bfc062723c751e8b465ee728b)  -> (artifact id: '366bce306f646b8e4b6508ea52c2b874') in 0.106039 seconds 
========================================================================
Received Import Request.
  Time since last request: 44.215275 seconds.
  path: Assets/Escenario/texturas
  artifactKey: Guid(d0663a4c0643ea5429a1182e9d277b89) Importer(815301076,1909f56bfc062723c751e8b465ee728b)
Start importing Assets/Escenario/texturas using Guid(d0663a4c0643ea5429a1182e9d277b89) Importer(815301076,1909f56bfc062723c751e8b465ee728b)  -> (artifact id: '8efaa73ef248893b0b568cccce058936') in 0.021227 seconds 
========================================================================
Received Import Request.
  Time since last request: 8.139457 seconds.
  path: Assets/Escenario/escenario rotr1.fbx
  artifactKey: Guid(160d285dfef53ac40b554af1eedd6e86) Importer(815301076,1909f56bfc062723c751e8b465ee728b)
Start importing Assets/Escenario/escenario rotr1.fbx using Guid(160d285dfef53ac40b554af1eedd6e86) Importer(815301076,1909f56bfc062723c751e8b465ee728b)  -> (artifact id: '99762aea9cc10d3f8d9a6eb1a39ede08') in 4.481141 seconds 
========================================================================
Received Prepare
Registering precompiled user dll's ...
Registered in 0.017646 seconds.
Begin MonoManager ReloadAssembly
Symbol file LoadedFromMemory doesn't match image C:\Users\rocio\Documents\GitHub\TP-GAME\Library\PackageCache\com.unity.visualscripting@1.7.8\Editor\VisualScripting.Core\Dependencies\YamlDotNet\Unity.VisualScripting.YamlDotNet.dll
Symbol file LoadedFromMemory doesn't match image C:\Users\rocio\Documents\GitHub\TP-GAME\Library\PackageCache\com.unity.visualscripting@1.7.8\Editor\VisualScripting.Core\Dependencies\DotNetZip\Unity.VisualScripting.IonicZip.dll
Native extension for WindowsStandalone target not found
Refreshing native plugins compatible for Editor in 5.56 ms, found 3 plugins.
Preloading 0 native plugins for Editor in 0.00 ms.
Mono: successfully reloaded assembly
- Completed reload, in  7.797 seconds
Domain Reload Profiling:
	ReloadAssembly (7798ms)
		BeginReloadAssembly (436ms)
			ExecutionOrderSort (0ms)
			DisableScriptedObjects (19ms)
			BackupInstance (0ms)
			ReleaseScriptingObjects (0ms)
			CreateAndSetChildDomain (115ms)
		EndReloadAssembly (7086ms)
			LoadAssemblies (302ms)
			RebuildTransferFunctionScriptingTraits (0ms)
			SetupTypeCache (2330ms)
			ReleaseScriptCaches (10ms)
			RebuildScriptCaches (362ms)
			SetupLoadedEditorAssemblies (3246ms)
				LogAssemblyErrors (0ms)
				InitializePlatformSupportModulesInManaged (98ms)
				SetLoadedEditorAssemblies (11ms)
				RefreshPlugins (6ms)
				BeforeProcessingInitializeOnLoad (865ms)
				ProcessInitializeOnLoadAttributes (1985ms)
				ProcessInitializeOnLoadMethodAttributes (264ms)
				AfterProcessingInitializeOnLoad (16ms)
				EditorAssembliesLoaded (0ms)
			ExecutionOrderSort2 (0ms)
			AwakeInstancesAfterBackupRestoration (30ms)
Platform modules already initialized, skipping
Refreshing native plugins compatible for Editor in 619.49 ms, found 3 plugins.
Preloading 0 native plugins for Editor in 0.00 ms.
Unloading 5252 Unused Serialized files (Serialized files now loaded: 0)
Unloading 40 unused Assets / (1.9 MB). Loaded Objects now: 5951.
Memory consumption went from 217.1 MB to 215.2 MB.
Total: 31.338700 ms (FindLiveObjects: 0.993200 ms CreateObjectMapping: 0.768600 ms MarkObjects: 28.626300 ms  DeleteObjects: 0.944800 ms)

AssetImportParameters requested are different than current active one (requested -> active):
  custom:video-decoder-ogg-theora: a1e56fd34408186e4bbccfd4996cb3dc -> 
  custom:container-muxer-webm: aa71ff27fc2769a1b78a27578f13a17b -> 
  custom:container-demuxer-webm: 4f35f7cbe854078d1ac9338744f61a02 -> 
  custom:video-encoder-webm-vp8: eb34c28f22e8b96e1ab97ce403110664 -> 
  custom:audio-encoder-webm-vorbis: bf7c407c2cedff20999df2af8eb42d56 -> 
  custom:framework-win-MediaFoundation: 216162199b28c13a410421893ffa2e32 -> 
  custom:container-demuxer-ogg: 62fdf1f143b41e24485cea50d1cbac27 -> 
  custom:video-decoder-webm-vp8: 9c59270c3fd7afecdb556c50c9e8de78 -> 
  custom:audio-decoder-ogg-vorbis: bf7c407c2cedff20999df2af8eb42d56 -> 
========================================================================
Received Prepare
Registering precompiled user dll's ...
Registered in 0.026288 seconds.
Begin MonoManager ReloadAssembly
Symbol file LoadedFromMemory doesn't match image C:\Users\rocio\Documents\GitHub\TP-GAME\Library\PackageCache\com.unity.visualscripting@1.7.8\Editor\VisualScripting.Core\Dependencies\YamlDotNet\Unity.VisualScripting.YamlDotNet.dll
Symbol file LoadedFromMemory doesn't match image C:\Users\rocio\Documents\GitHub\TP-GAME\Library\PackageCache\com.unity.visualscripting@1.7.8\Editor\VisualScripting.Core\Dependencies\DotNetZip\Unity.VisualScripting.IonicZip.dll
Native extension for WindowsStandalone target not found
Refreshing native plugins compatible for Editor in 6.12 ms, found 3 plugins.
Preloading 0 native plugins for Editor in 0.00 ms.
Mono: successfully reloaded assembly
- Completed reload, in 28.799 seconds
Domain Reload Profiling:
	ReloadAssembly (28814ms)
		BeginReloadAssembly (7062ms)
			ExecutionOrderSort (0ms)
			DisableScriptedObjects (105ms)
			BackupInstance (0ms)
			ReleaseScriptingObjects (2ms)
			CreateAndSetChildDomain (3765ms)
		EndReloadAssembly (16535ms)
			LoadAssemblies (3489ms)
			RebuildTransferFunctionScriptingTraits (0ms)
			SetupTypeCache (9050ms)
			ReleaseScriptCaches (15ms)
			RebuildScriptCaches (1056ms)
			SetupLoadedEditorAssemblies (4242ms)
				LogAssemblyErrors (0ms)
				InitializePlatformSupportModulesInManaged (84ms)
				SetLoadedEditorAssemblies (3ms)
				RefreshPlugins (7ms)
				BeforeProcessingInitializeOnLoad (1540ms)
				ProcessInitializeOnLoadAttributes (2365ms)
				ProcessInitializeOnLoadMethodAttributes (222ms)
				AfterProcessingInitializeOnLoad (20ms)
				EditorAssembliesLoaded (1ms)
			ExecutionOrderSort2 (0ms)
			AwakeInstancesAfterBackupRestoration (35ms)
Platform modules already initialized, skipping
Refreshing native plugins compatible for Editor in 8.57 ms, found 3 plugins.
Preloading 0 native plugins for Editor in 0.00 ms.
Unloading 5253 Unused Serialized files (Serialized files now loaded: 0)
Unloading 40 unused Assets / (1.9 MB). Loaded Objects now: 5954.
Memory consumption went from 217.2 MB to 215.2 MB.
Total: 5.356600 ms (FindLiveObjects: 0.544900 ms CreateObjectMapping: 0.462600 ms MarkObjects: 3.751500 ms  DeleteObjects: 0.596600 ms)

AssetImportParameters requested are different than current active one (requested -> active):
  custom:video-decoder-ogg-theora: a1e56fd34408186e4bbccfd4996cb3dc -> 
  custom:container-muxer-webm: aa71ff27fc2769a1b78a27578f13a17b -> 
  custom:container-demuxer-webm: 4f35f7cbe854078d1ac9338744f61a02 -> 
  custom:video-encoder-webm-vp8: eb34c28f22e8b96e1ab97ce403110664 -> 
  custom:audio-encoder-webm-vorbis: bf7c407c2cedff20999df2af8eb42d56 -> 
  custom:framework-win-MediaFoundation: 216162199b28c13a410421893ffa2e32 -> 
  custom:container-demuxer-ogg: 62fdf1f143b41e24485cea50d1cbac27 -> 
  custom:video-decoder-webm-vp8: 9c59270c3fd7afecdb556c50c9e8de78 -> 
  custom:audio-decoder-ogg-vorbis: bf7c407c2cedff20999df2af8eb42d56 -> 
========================================================================
Received Prepare
Registering precompiled user dll's ...
Registered in 0.022815 seconds.
Begin MonoManager ReloadAssembly
Symbol file LoadedFromMemory doesn't match image C:\Users\rocio\Documents\GitHub\TP-GAME\Library\PackageCache\com.unity.visualscripting@1.7.8\Editor\VisualScripting.Core\Dependencies\YamlDotNet\Unity.VisualScripting.YamlDotNet.dll
Symbol file LoadedFromMemory doesn't match image C:\Users\rocio\Documents\GitHub\TP-GAME\Library\PackageCache\com.unity.visualscripting@1.7.8\Editor\VisualScripting.Core\Dependencies\DotNetZip\Unity.VisualScripting.IonicZip.dll
Native extension for WindowsStandalone target not found
Refreshing native plugins compatible for Editor in 3.07 ms, found 3 plugins.
Preloading 0 native plugins for Editor in 0.00 ms.
Mono: successfully reloaded assembly
- Completed reload, in 10.729 seconds
Domain Reload Profiling:
	ReloadAssembly (10732ms)
		BeginReloadAssembly (1433ms)
			ExecutionOrderSort (0ms)
			DisableScriptedObjects (136ms)
			BackupInstance (0ms)
			ReleaseScriptingObjects (1ms)
			CreateAndSetChildDomain (259ms)
		EndReloadAssembly (8401ms)
			LoadAssemblies (782ms)
			RebuildTransferFunctionScriptingTraits (1ms)
			SetupTypeCache (2877ms)
			ReleaseScriptCaches (6ms)
			RebuildScriptCaches (311ms)
			SetupLoadedEditorAssemblies (3697ms)
				LogAssemblyErrors (0ms)
				InitializePlatformSupportModulesInManaged (290ms)
				SetLoadedEditorAssemblies (1ms)
				RefreshPlugins (4ms)
				BeforeProcessingInitializeOnLoad (671ms)
				ProcessInitializeOnLoadAttributes (2158ms)
				ProcessInitializeOnLoadMethodAttributes (507ms)
				AfterProcessingInitializeOnLoad (64ms)
				EditorAssembliesLoaded (2ms)
			ExecutionOrderSort2 (0ms)
			AwakeInstancesAfterBackupRestoration (408ms)
Platform modules already initialized, skipping
Refreshing native plugins compatible for Editor in 6.68 ms, found 3 plugins.
Preloading 0 native plugins for Editor in 0.00 ms.
Unloading 5253 Unused Serialized files (Serialized files now loaded: 0)
Unloading 40 unused Assets / (1.9 MB). Loaded Objects now: 5957.
Memory consumption went from 217.3 MB to 215.4 MB.
Total: 6.183700 ms (FindLiveObjects: 0.500200 ms CreateObjectMapping: 0.446700 ms MarkObjects: 4.640200 ms  DeleteObjects: 0.595300 ms)

AssetImportParameters requested are different than current active one (requested -> active):
  custom:video-decoder-ogg-theora: a1e56fd34408186e4bbccfd4996cb3dc -> 
  custom:container-muxer-webm: aa71ff27fc2769a1b78a27578f13a17b -> 
  custom:container-demuxer-webm: 4f35f7cbe854078d1ac9338744f61a02 -> 
  custom:video-encoder-webm-vp8: eb34c28f22e8b96e1ab97ce403110664 -> 
  custom:audio-encoder-webm-vorbis: bf7c407c2cedff20999df2af8eb42d56 -> 
  custom:framework-win-MediaFoundation: 216162199b28c13a410421893ffa2e32 -> 
  custom:container-demuxer-ogg: 62fdf1f143b41e24485cea50d1cbac27 -> 
  custom:video-decoder-webm-vp8: 9c59270c3fd7afecdb556c50c9e8de78 -> 
  custom:audio-decoder-ogg-vorbis: bf7c407c2cedff20999df2af8eb42d56 -> 
========================================================================
Received Import Request.
  Time since last request: 532.751299 seconds.
  path: Assets/Escenario/escenario rotr1.fbx
  artifactKey: Guid(160d285dfef53ac40b554af1eedd6e86) Importer(815301076,1909f56bfc062723c751e8b465ee728b)
Start importing Assets/Escenario/escenario rotr1.fbx using Guid(160d285dfef53ac40b554af1eedd6e86) Importer(815301076,1909f56bfc062723c751e8b465ee728b)  -> (artifact id: 'ab07169345dc2225e79be8c623235e7e') in 7.615601 seconds 
Editor requested this worker to shutdown with reason: Scaling down because of idle timeout
AssetImportWorker is now disconnected from the server
Process exiting
Exiting without the bug reporter. Application will terminate with return code 0