Using pre-set license
Built from '2021.3/evg/staging/82bb020e-b03b1330/draft-0' branch; Version is '2021.3.16f1 (4016570cf34f) revision 4200023'; Using compiler version '192829333'; Build Type 'Release'
OS: 'Windows 10  (10.0.19045) 64bit Professional' Language: 'es' Physical Memory: 16223 MB
BatchMode: 1, IsHumanControllingUs: 0, StartBugReporterOnCrash: 0, Is64bit: 1, IsPro: 1

COMMAND LINE ARGUMENTS:
C:\Program Files\Unity\Hub\Editor\2021.3.16f1\Editor\Unity.exe
-adb2
-batchMode
-noUpm
-name
AssetImportWorker1
-projectPath
C:/Users/rocio/Documents/GitHub/TP-GAME
-logFile
Logs/AssetImportWorker1.log
-srvPort
65439
Successfully changed project path to: C:/Users/rocio/Documents/GitHub/TP-GAME
C:/Users/rocio/Documents/GitHub/TP-GAME
[UnityMemory] Configuration Parameters - Can be set up in boot.config
    "memorysetup-bucket-allocator-granularity=16"
    "memorysetup-bucket-allocator-bucket-count=8"
    "memorysetup-bucket-allocator-block-size=33554432"
    "memorysetup-bucket-allocator-block-count=8"
    "memorysetup-main-allocator-block-size=16777216"
    "memorysetup-thread-allocator-block-size=16777216"
    "memorysetup-gfx-main-allocator-block-size=16777216"
    "memorysetup-gfx-thread-allocator-block-size=16777216"
    "memorysetup-cache-allocator-block-size=4194304"
    "memorysetup-typetree-allocator-block-size=2097152"
    "memorysetup-profiler-bucket-allocator-granularity=16"
    "memorysetup-profiler-bucket-allocator-bucket-count=8"
    "memorysetup-profiler-bucket-allocator-block-size=33554432"
    "memorysetup-profiler-bucket-allocator-block-count=8"
    "memorysetup-profiler-allocator-block-size=16777216"
    "memorysetup-profiler-editor-allocator-block-size=1048576"
    "memorysetup-temp-allocator-size-main=16777216"
    "memorysetup-job-temp-allocator-block-size=2097152"
    "memorysetup-job-temp-allocator-block-size-background=1048576"
    "memorysetup-job-temp-allocator-reduction-small-platforms=262144"
    "memorysetup-temp-allocator-size-background-worker=32768"
    "memorysetup-temp-allocator-size-job-worker=262144"
    "memorysetup-temp-allocator-size-preload-manager=33554432"
    "memorysetup-temp-allocator-size-nav-mesh-worker=65536"
    "memorysetup-temp-allocator-size-audio-worker=65536"
    "memorysetup-temp-allocator-size-cloud-worker=32768"
    "memorysetup-temp-allocator-size-gi-baking-worker=262144"
    "memorysetup-temp-allocator-size-gfx=262144"
Player connection [7540] Host "[IP] 192.168.1.127 [Port] 0 [Flags] 2 [Guid] 2333183791 [EditorId] 2333183791 [Version] 1048832 [Id] WindowsEditor(7,DESKTOP-HV5EPP2) [Debug] 1 [PackageName] WindowsEditor [ProjectName] Editor" joined multi-casting on [225.0.0.222:54997]...

Player connection [7540] Host "[IP] 192.168.1.127 [Port] 0 [Flags] 2 [Guid] 2333183791 [EditorId] 2333183791 [Version] 1048832 [Id] WindowsEditor(7,DESKTOP-HV5EPP2) [Debug] 1 [PackageName] WindowsEditor [ProjectName] Editor" joined alternative multi-casting on [225.0.0.222:34997]...

Refreshing native plugins compatible for Editor in 312.49 ms, found 3 plugins.
Preloading 0 native plugins for Editor in 0.00 ms.
Initialize engine version: 2021.3.16f1 (4016570cf34f)
[Subsystems] Discovering subsystems at path C:/Program Files/Unity/Hub/Editor/2021.3.16f1/Editor/Data/Resources/UnitySubsystems
[Subsystems] Discovering subsystems at path C:/Users/rocio/Documents/GitHub/TP-GAME/Assets
GfxDevice: creating device client; threaded=0; jobified=0
Direct3D:
    Version:  Direct3D 11.0 [level 11.1]
    Renderer: Intel(R) HD Graphics 620 (ID=0x5916)
    Vendor:   Intel
    VRAM:     8111 MB
    Driver:   23.20.16.4973
Initialize mono
Mono path[0] = 'C:/Program Files/Unity/Hub/Editor/2021.3.16f1/Editor/Data/Managed'
Mono path[1] = 'C:/Program Files/Unity/Hub/Editor/2021.3.16f1/Editor/Data/MonoBleedingEdge/lib/mono/unityjit-win32'
Mono config path = 'C:/Program Files/Unity/Hub/Editor/2021.3.16f1/Editor/Data/MonoBleedingEdge/etc'
Using monoOptions --debugger-agent=transport=dt_socket,embedding=1,server=y,suspend=n,address=127.0.0.1:56712
Begin MonoManager ReloadAssembly
Registering precompiled unity dll's ...
Register platform support module: C:/Program Files/Unity/Hub/Editor/2021.3.16f1/Editor/Data/PlaybackEngines/WindowsStandaloneSupport/UnityEditor.WindowsStandalone.Extensions.dll
Registered in 0.019180 seconds.
Native extension for WindowsStandalone target not found
Refreshing native plugins compatible for Editor in 399.09 ms, found 3 plugins.
Preloading 0 native plugins for Editor in 0.00 ms.
Mono: successfully reloaded assembly
- Completed reload, in  2.071 seconds
Domain Reload Profiling:
	ReloadAssembly (2072ms)
		BeginReloadAssembly (165ms)
			ExecutionOrderSort (0ms)
			DisableScriptedObjects (0ms)
			BackupInstance (0ms)
			ReleaseScriptingObjects (0ms)
			CreateAndSetChildDomain (2ms)
		EndReloadAssembly (1652ms)
			LoadAssemblies (160ms)
			RebuildTransferFunctionScriptingTraits (0ms)
			SetupTypeCache (282ms)
			ReleaseScriptCaches (0ms)
			RebuildScriptCaches (120ms)
			SetupLoadedEditorAssemblies (1100ms)
				LogAssemblyErrors (0ms)
				InitializePlatformSupportModulesInManaged (22ms)
				SetLoadedEditorAssemblies (0ms)
				RefreshPlugins (399ms)
				BeforeProcessingInitializeOnLoad (3ms)
				ProcessInitializeOnLoadAttributes (398ms)
				ProcessInitializeOnLoadMethodAttributes (278ms)
				AfterProcessingInitializeOnLoad (0ms)
				EditorAssembliesLoaded (0ms)
			ExecutionOrderSort2 (0ms)
			AwakeInstancesAfterBackupRestoration (0ms)
Platform modules already initialized, skipping
Registering precompiled user dll's ...
Registered in 0.172747 seconds.
Begin MonoManager ReloadAssembly
Symbol file LoadedFromMemory doesn't match image C:\Users\rocio\Documents\GitHub\TP-GAME\Library\PackageCache\com.unity.visualscripting@1.7.8\Editor\VisualScripting.Core\Dependencies\YamlDotNet\Unity.VisualScripting.YamlDotNet.dll
Symbol file LoadedFromMemory doesn't match image C:\Users\rocio\Documents\GitHub\TP-GAME\Library\PackageCache\com.unity.visualscripting@1.7.8\Editor\VisualScripting.Core\Dependencies\DotNetZip\Unity.VisualScripting.IonicZip.dll
Native extension for WindowsStandalone target not found
Refreshing native plugins compatible for Editor in 472.65 ms, found 3 plugins.
Preloading 0 native plugins for Editor in 0.00 ms.
Mono: successfully reloaded assembly
- Completed reload, in  4.931 seconds
Domain Reload Profiling:
	ReloadAssembly (4932ms)
		BeginReloadAssembly (284ms)
			ExecutionOrderSort (0ms)
			DisableScriptedObjects (16ms)
			BackupInstance (0ms)
			ReleaseScriptingObjects (0ms)
			CreateAndSetChildDomain (53ms)
		EndReloadAssembly (4407ms)
			LoadAssemblies (218ms)
			RebuildTransferFunctionScriptingTraits (0ms)
			SetupTypeCache (976ms)
			ReleaseScriptCaches (1ms)
			RebuildScriptCaches (216ms)
			SetupLoadedEditorAssemblies (2874ms)
				LogAssemblyErrors (0ms)
				InitializePlatformSupportModulesInManaged (31ms)
				SetLoadedEditorAssemblies (0ms)
				RefreshPlugins (473ms)
				BeforeProcessingInitializeOnLoad (437ms)
				ProcessInitializeOnLoadAttributes (1381ms)
				ProcessInitializeOnLoadMethodAttributes (527ms)
				AfterProcessingInitializeOnLoad (24ms)
				EditorAssembliesLoaded (0ms)
			ExecutionOrderSort2 (0ms)
			AwakeInstancesAfterBackupRestoration (16ms)
Platform modules already initialized, skipping
========================================================================
Worker process is ready to serve import requests
Launched and connected shader compiler UnityShaderCompiler.exe after 0.13 seconds
Refreshing native plugins compatible for Editor in 2.71 ms, found 3 plugins.
Preloading 0 native plugins for Editor in 0.00 ms.
Unloading 5410 Unused Serialized files (Serialized files now loaded: 0)
Unloading 51 unused Assets / (1.9 MB). Loaded Objects now: 5856.
Memory consumption went from 221.5 MB to 219.5 MB.
Total: 7.136800 ms (FindLiveObjects: 0.529300 ms CreateObjectMapping: 0.551300 ms MarkObjects: 5.478600 ms  DeleteObjects: 0.576500 ms)

AssetImportParameters requested are different than current active one (requested -> active):
  custom:video-decoder-ogg-theora: a1e56fd34408186e4bbccfd4996cb3dc -> 
  custom:container-muxer-webm: aa71ff27fc2769a1b78a27578f13a17b -> 
  custom:container-demuxer-webm: 4f35f7cbe854078d1ac9338744f61a02 -> 
  custom:video-encoder-webm-vp8: eb34c28f22e8b96e1ab97ce403110664 -> 
  custom:audio-encoder-webm-vorbis: bf7c407c2cedff20999df2af8eb42d56 -> 
  custom:framework-win-MediaFoundation: 216162199b28c13a410421893ffa2e32 -> 
  custom:container-demuxer-ogg: 62fdf1f143b41e24485cea50d1cbac27 -> 
  custom:video-decoder-webm-vp8: 9c59270c3fd7afecdb556c50c9e8de78 -> 
  custom:audio-decoder-ogg-vorbis: bf7c407c2cedff20999df2af8eb42d56 -> 
========================================================================
Received Import Request.
  Time since last request: 736969.584396 seconds.
  path: Assets/Escenario/Nueva carpeta/456621-200.png
  artifactKey: Guid(7e2eb2cebc32f44419d8a0919e371082) Importer(815301076,1909f56bfc062723c751e8b465ee728b)
Start importing Assets/Escenario/Nueva carpeta/456621-200.png using Guid(7e2eb2cebc32f44419d8a0919e371082) Importer(815301076,1909f56bfc062723c751e8b465ee728b)  -> (artifact id: '8f56c482e18c0a1f79e678dc76ee0390') in 0.171432 seconds 
========================================================================
Received Import Request.
  Time since last request: 1.327303 seconds.
  path: Assets/Escenario/Nueva carpeta/e29a012e930af0492aa9c9932fefd163 1.png
  artifactKey: Guid(ac98e97afede1064eaff2822e1c208b8) Importer(815301076,1909f56bfc062723c751e8b465ee728b)
Start importing Assets/Escenario/Nueva carpeta/e29a012e930af0492aa9c9932fefd163 1.png using Guid(ac98e97afede1064eaff2822e1c208b8) Importer(815301076,1909f56bfc062723c751e8b465ee728b)  -> (artifact id: 'e4866ce0326d845e950ed55917d4e76b') in 0.083732 seconds 
========================================================================
Received Import Request.
  Time since last request: 0.600387 seconds.
  path: Assets/Escenario/Nueva carpeta/f98c9385cbef74f2f71d0c0e62fa11d5 1.png
  artifactKey: Guid(72ffddac69dad4941ac12a3105fa65f2) Importer(815301076,1909f56bfc062723c751e8b465ee728b)
Start importing Assets/Escenario/Nueva carpeta/f98c9385cbef74f2f71d0c0e62fa11d5 1.png using Guid(72ffddac69dad4941ac12a3105fa65f2) Importer(815301076,1909f56bfc062723c751e8b465ee728b)  -> (artifact id: '47fc9236463130b10dc4e3f0e9ca78c0') in 0.114481 seconds 
========================================================================
Received Import Request.
  Time since last request: 0.455025 seconds.
  path: Assets/Escenario/Nueva carpeta/painted-cmu-block-stretcher-5f2b0ffd2cdfe-1200 2.png
  artifactKey: Guid(382c5ecb7fe26734b8c33840a63b8ad3) Importer(815301076,1909f56bfc062723c751e8b465ee728b)
Start importing Assets/Escenario/Nueva carpeta/painted-cmu-block-stretcher-5f2b0ffd2cdfe-1200 2.png using Guid(382c5ecb7fe26734b8c33840a63b8ad3) Importer(815301076,1909f56bfc062723c751e8b465ee728b)  -> (artifact id: 'b9d87d20351cbc83c128aac5920bd1f9') in 0.077430 seconds 
========================================================================
Received Prepare
Registering precompiled user dll's ...
Registered in 0.015560 seconds.
Begin MonoManager ReloadAssembly
Symbol file LoadedFromMemory doesn't match image C:\Users\rocio\Documents\GitHub\TP-GAME\Library\PackageCache\com.unity.visualscripting@1.7.8\Editor\VisualScripting.Core\Dependencies\YamlDotNet\Unity.VisualScripting.YamlDotNet.dll
Symbol file LoadedFromMemory doesn't match image C:\Users\rocio\Documents\GitHub\TP-GAME\Library\PackageCache\com.unity.visualscripting@1.7.8\Editor\VisualScripting.Core\Dependencies\DotNetZip\Unity.VisualScripting.IonicZip.dll
Native extension for WindowsStandalone target not found
Refreshing native plugins compatible for Editor in 5.35 ms, found 3 plugins.
Preloading 0 native plugins for Editor in 0.00 ms.
Mono: successfully reloaded assembly
- Completed reload, in  7.708 seconds
Domain Reload Profiling:
	ReloadAssembly (7709ms)
		BeginReloadAssembly (391ms)
			ExecutionOrderSort (0ms)
			DisableScriptedObjects (21ms)
			BackupInstance (0ms)
			ReleaseScriptingObjects (0ms)
			CreateAndSetChildDomain (98ms)
		EndReloadAssembly (7047ms)
			LoadAssemblies (278ms)
			RebuildTransferFunctionScriptingTraits (0ms)
			SetupTypeCache (2234ms)
			ReleaseScriptCaches (15ms)
			RebuildScriptCaches (433ms)
			SetupLoadedEditorAssemblies (3639ms)
				LogAssemblyErrors (0ms)
				InitializePlatformSupportModulesInManaged (131ms)
				SetLoadedEditorAssemblies (1ms)
				RefreshPlugins (6ms)
				BeforeProcessingInitializeOnLoad (771ms)
				ProcessInitializeOnLoadAttributes (2184ms)
				ProcessInitializeOnLoadMethodAttributes (520ms)
				AfterProcessingInitializeOnLoad (26ms)
				EditorAssembliesLoaded (1ms)
			ExecutionOrderSort2 (0ms)
			AwakeInstancesAfterBackupRestoration (36ms)
Platform modules already initialized, skipping
Refreshing native plugins compatible for Editor in 6.22 ms, found 3 plugins.
Preloading 0 native plugins for Editor in 0.00 ms.
Unloading 5245 Unused Serialized files (Serialized files now loaded: 0)
Unloading 40 unused Assets / (1.9 MB). Loaded Objects now: 5862.
Memory consumption went from 208.5 MB to 206.6 MB.
Total: 11.103000 ms (FindLiveObjects: 2.659500 ms CreateObjectMapping: 0.790600 ms MarkObjects: 6.727400 ms  DeleteObjects: 0.914000 ms)

AssetImportParameters requested are different than current active one (requested -> active):
  custom:video-decoder-ogg-theora: a1e56fd34408186e4bbccfd4996cb3dc -> 
  custom:container-muxer-webm: aa71ff27fc2769a1b78a27578f13a17b -> 
  custom:container-demuxer-webm: 4f35f7cbe854078d1ac9338744f61a02 -> 
  custom:video-encoder-webm-vp8: eb34c28f22e8b96e1ab97ce403110664 -> 
  custom:audio-encoder-webm-vorbis: bf7c407c2cedff20999df2af8eb42d56 -> 
  custom:framework-win-MediaFoundation: 216162199b28c13a410421893ffa2e32 -> 
  custom:container-demuxer-ogg: 62fdf1f143b41e24485cea50d1cbac27 -> 
  custom:video-decoder-webm-vp8: 9c59270c3fd7afecdb556c50c9e8de78 -> 
  custom:audio-decoder-ogg-vorbis: bf7c407c2cedff20999df2af8eb42d56 -> 
========================================================================
Received Prepare
Registering precompiled user dll's ...
Registered in 0.023507 seconds.
Begin MonoManager ReloadAssembly
Symbol file LoadedFromMemory doesn't match image C:\Users\rocio\Documents\GitHub\TP-GAME\Library\PackageCache\com.unity.visualscripting@1.7.8\Editor\VisualScripting.Core\Dependencies\YamlDotNet\Unity.VisualScripting.YamlDotNet.dll
Symbol file LoadedFromMemory doesn't match image C:\Users\rocio\Documents\GitHub\TP-GAME\Library\PackageCache\com.unity.visualscripting@1.7.8\Editor\VisualScripting.Core\Dependencies\DotNetZip\Unity.VisualScripting.IonicZip.dll
Native extension for WindowsStandalone target not found
Refreshing native plugins compatible for Editor in 5.57 ms, found 3 plugins.
Preloading 0 native plugins for Editor in 0.00 ms.
Mono: successfully reloaded assembly
- Completed reload, in 29.770 seconds
Domain Reload Profiling:
	ReloadAssembly (29776ms)
		BeginReloadAssembly (7110ms)
			ExecutionOrderSort (0ms)
			DisableScriptedObjects (301ms)
			BackupInstance (0ms)
			ReleaseScriptingObjects (1ms)
			CreateAndSetChildDomain (450ms)
		EndReloadAssembly (17598ms)
			LoadAssemblies (6883ms)
			RebuildTransferFunctionScriptingTraits (0ms)
			SetupTypeCache (9206ms)
			ReleaseScriptCaches (9ms)
			RebuildScriptCaches (1029ms)
			SetupLoadedEditorAssemblies (4335ms)
				LogAssemblyErrors (0ms)
				InitializePlatformSupportModulesInManaged (100ms)
				SetLoadedEditorAssemblies (4ms)
				RefreshPlugins (6ms)
				BeforeProcessingInitializeOnLoad (1533ms)
				ProcessInitializeOnLoadAttributes (2445ms)
				ProcessInitializeOnLoadMethodAttributes (219ms)
				AfterProcessingInitializeOnLoad (27ms)
				EditorAssembliesLoaded (0ms)
			ExecutionOrderSort2 (0ms)
			AwakeInstancesAfterBackupRestoration (22ms)
Platform modules already initialized, skipping
Refreshing native plugins compatible for Editor in 3.40 ms, found 3 plugins.
Preloading 0 native plugins for Editor in 0.00 ms.
Unloading 5245 Unused Serialized files (Serialized files now loaded: 0)
Unloading 40 unused Assets / (1.9 MB). Loaded Objects now: 5865.
Memory consumption went from 208.5 MB to 206.6 MB.
Total: 14.853000 ms (FindLiveObjects: 0.720400 ms CreateObjectMapping: 0.658600 ms MarkObjects: 12.529300 ms  DeleteObjects: 0.943400 ms)

AssetImportParameters requested are different than current active one (requested -> active):
  custom:video-decoder-ogg-theora: a1e56fd34408186e4bbccfd4996cb3dc -> 
  custom:container-muxer-webm: aa71ff27fc2769a1b78a27578f13a17b -> 
  custom:container-demuxer-webm: 4f35f7cbe854078d1ac9338744f61a02 -> 
  custom:video-encoder-webm-vp8: eb34c28f22e8b96e1ab97ce403110664 -> 
  custom:audio-encoder-webm-vorbis: bf7c407c2cedff20999df2af8eb42d56 -> 
  custom:framework-win-MediaFoundation: 216162199b28c13a410421893ffa2e32 -> 
  custom:container-demuxer-ogg: 62fdf1f143b41e24485cea50d1cbac27 -> 
  custom:video-decoder-webm-vp8: 9c59270c3fd7afecdb556c50c9e8de78 -> 
  custom:audio-decoder-ogg-vorbis: bf7c407c2cedff20999df2af8eb42d56 -> 
========================================================================
Received Prepare
Registering precompiled user dll's ...
Registered in 0.024756 seconds.
Begin MonoManager ReloadAssembly
Symbol file LoadedFromMemory doesn't match image C:\Users\rocio\Documents\GitHub\TP-GAME\Library\PackageCache\com.unity.visualscripting@1.7.8\Editor\VisualScripting.Core\Dependencies\YamlDotNet\Unity.VisualScripting.YamlDotNet.dll
Symbol file LoadedFromMemory doesn't match image C:\Users\rocio\Documents\GitHub\TP-GAME\Library\PackageCache\com.unity.visualscripting@1.7.8\Editor\VisualScripting.Core\Dependencies\DotNetZip\Unity.VisualScripting.IonicZip.dll
Native extension for WindowsStandalone target not found
Refreshing native plugins compatible for Editor in 13.66 ms, found 3 plugins.
Preloading 0 native plugins for Editor in 0.00 ms.
Mono: successfully reloaded assembly
- Completed reload, in 10.116 seconds
Domain Reload Profiling:
	ReloadAssembly (10128ms)
		BeginReloadAssembly (1432ms)
			ExecutionOrderSort (0ms)
			DisableScriptedObjects (431ms)
			BackupInstance (0ms)
			ReleaseScriptingObjects (1ms)
			CreateAndSetChildDomain (257ms)
		EndReloadAssembly (7829ms)
			LoadAssemblies (781ms)
			RebuildTransferFunctionScriptingTraits (0ms)
			SetupTypeCache (2636ms)
			ReleaseScriptCaches (12ms)
			RebuildScriptCaches (309ms)
			SetupLoadedEditorAssemblies (3760ms)
				LogAssemblyErrors (0ms)
				InitializePlatformSupportModulesInManaged (146ms)
				SetLoadedEditorAssemblies (5ms)
				RefreshPlugins (14ms)
				BeforeProcessingInitializeOnLoad (810ms)
				ProcessInitializeOnLoadAttributes (2202ms)
				ProcessInitializeOnLoadMethodAttributes (520ms)
				AfterProcessingInitializeOnLoad (62ms)
				EditorAssembliesLoaded (1ms)
			ExecutionOrderSort2 (0ms)
			AwakeInstancesAfterBackupRestoration (50ms)
Platform modules already initialized, skipping
Refreshing native plugins compatible for Editor in 3.34 ms, found 3 plugins.
Preloading 0 native plugins for Editor in 0.00 ms.
Unloading 5245 Unused Serialized files (Serialized files now loaded: 0)
Unloading 40 unused Assets / (1.9 MB). Loaded Objects now: 5868.
Memory consumption went from 208.5 MB to 206.6 MB.
Total: 10.791500 ms (FindLiveObjects: 0.528300 ms CreateObjectMapping: 0.477900 ms MarkObjects: 8.915400 ms  DeleteObjects: 0.868500 ms)

AssetImportParameters requested are different than current active one (requested -> active):
  custom:video-decoder-ogg-theora: a1e56fd34408186e4bbccfd4996cb3dc -> 
  custom:container-muxer-webm: aa71ff27fc2769a1b78a27578f13a17b -> 
  custom:container-demuxer-webm: 4f35f7cbe854078d1ac9338744f61a02 -> 
  custom:video-encoder-webm-vp8: eb34c28f22e8b96e1ab97ce403110664 -> 
  custom:audio-encoder-webm-vorbis: bf7c407c2cedff20999df2af8eb42d56 -> 
  custom:framework-win-MediaFoundation: 216162199b28c13a410421893ffa2e32 -> 
  custom:container-demuxer-ogg: 62fdf1f143b41e24485cea50d1cbac27 -> 
  custom:video-decoder-webm-vp8: 9c59270c3fd7afecdb556c50c9e8de78 -> 
  custom:audio-decoder-ogg-vorbis: bf7c407c2cedff20999df2af8eb42d56 -> 
========================================================================
Received Import Request.
  Time since last request: 589.862852 seconds.
  path: Assets/Escenario/1fb4455c2570f6970ec2e2a368735067.jpg
  artifactKey: Guid(083ddd1aa076d2a4ebec738094693214) Importer(815301076,1909f56bfc062723c751e8b465ee728b)
Start importing Assets/Escenario/1fb4455c2570f6970ec2e2a368735067.jpg using Guid(083ddd1aa076d2a4ebec738094693214) Importer(815301076,1909f56bfc062723c751e8b465ee728b)  -> (artifact id: '47a3e32613c69e05c2f64697c9c4b7d8') in 0.242584 seconds 
========================================================================
Received Import Request.
  Time since last request: 0.000412 seconds.
  path: Assets/Escenario/3d107a9fc025192d4c071060c13c1401.jpg
  artifactKey: Guid(f33048e35025bc044aa189736f05e88c) Importer(815301076,1909f56bfc062723c751e8b465ee728b)
Start importing Assets/Escenario/3d107a9fc025192d4c071060c13c1401.jpg using Guid(f33048e35025bc044aa189736f05e88c) Importer(815301076,1909f56bfc062723c751e8b465ee728b)  -> (artifact id: '3deea9b568d11945584da91442265c26') in 0.085454 seconds 
========================================================================
Received Import Request.
  Time since last request: 0.000072 seconds.
  path: Assets/Escenario/9af6989ab4b74e408bc5e08d0ba6645a 1.png
  artifactKey: Guid(c54ef2c6872ef7f4f866a4c0e3d4b43b) Importer(815301076,1909f56bfc062723c751e8b465ee728b)
Start importing Assets/Escenario/9af6989ab4b74e408bc5e08d0ba6645a 1.png using Guid(c54ef2c6872ef7f4f866a4c0e3d4b43b) Importer(815301076,1909f56bfc062723c751e8b465ee728b)  -> (artifact id: '14e59097037149594d152c7d965299ee') in 0.159504 seconds 
========================================================================
Received Import Request.
  Time since last request: 0.000046 seconds.
  path: Assets/Escenario/9af6989ab4b74e408bc5e08d0ba6645a.jpg
  artifactKey: Guid(6b9c25e2b7902ae49bd7c14dcf05454d) Importer(815301076,1909f56bfc062723c751e8b465ee728b)
Start importing Assets/Escenario/9af6989ab4b74e408bc5e08d0ba6645a.jpg using Guid(6b9c25e2b7902ae49bd7c14dcf05454d) Importer(815301076,1909f56bfc062723c751e8b465ee728b)  -> (artifact id: 'a025e67d4a246baaf8461aeb8d06e1be') in 0.130048 seconds 
========================================================================
Received Import Request.
  Time since last request: 0.000052 seconds.
  path: Assets/Escenario/19f75f2bf6e184ef14e6f5c3a5b1aa47 1.png
  artifactKey: Guid(b3d9db0b315b0db4aa91ebc60f1b612a) Importer(815301076,1909f56bfc062723c751e8b465ee728b)
Start importing Assets/Escenario/19f75f2bf6e184ef14e6f5c3a5b1aa47 1.png using Guid(b3d9db0b315b0db4aa91ebc60f1b612a) Importer(815301076,1909f56bfc062723c751e8b465ee728b)  -> (artifact id: '3d619fa2b6c7f29935301c6360ade2cb') in 0.164798 seconds 
========================================================================
Received Import Request.
  Time since last request: 0.000175 seconds.
  path: Assets/Escenario/117ed3a30f949a6cacbb576ae93e4c38.jpg
  artifactKey: Guid(7a683e766c35d3f449915dcaacf8dcc9) Importer(815301076,1909f56bfc062723c751e8b465ee728b)
Start importing Assets/Escenario/117ed3a30f949a6cacbb576ae93e4c38.jpg using Guid(7a683e766c35d3f449915dcaacf8dcc9) Importer(815301076,1909f56bfc062723c751e8b465ee728b)  -> (artifact id: '03a0befcd4e82db6ddaa7a9b96e6ce1d') in 0.075826 seconds 
========================================================================
Received Import Request.
  Time since last request: 0.550724 seconds.
  path: Assets/Escenario/escenario rotr1.fbx
  artifactKey: Guid(160d285dfef53ac40b554af1eedd6e86) Importer(815301076,1909f56bfc062723c751e8b465ee728b)
Start importing Assets/Escenario/escenario rotr1.fbx using Guid(160d285dfef53ac40b554af1eedd6e86) Importer(815301076,1909f56bfc062723c751e8b465ee728b)  -> (artifact id: '818959f7b56f29e927c3f2526c1b5d86') in 6.690890 seconds 
========================================================================
Received Import Request.
  Time since last request: 123.293712 seconds.
  path: Assets/Escenario/83514f10bc992e5bac73e09eb96fe955 2.png
  artifactKey: Guid(1b3b8ecbabd00da499e3f6b5732ee9ac) Importer(815301076,1909f56bfc062723c751e8b465ee728b)
Start importing Assets/Escenario/83514f10bc992e5bac73e09eb96fe955 2.png using Guid(1b3b8ecbabd00da499e3f6b5732ee9ac) Importer(815301076,1909f56bfc062723c751e8b465ee728b)  -> (artifact id: 'af962d3ceca5bfa218df12868b87bc65') in 0.119593 seconds 
========================================================================
Received Import Request.
  Time since last request: 0.273298 seconds.
  path: Assets/Escenario/abd71c8446823d84772a08004932e84c.jpg
  artifactKey: Guid(c9e33cf65ef63b84eb177a7044bceaa4) Importer(815301076,1909f56bfc062723c751e8b465ee728b)
Start importing Assets/Escenario/abd71c8446823d84772a08004932e84c.jpg using Guid(c9e33cf65ef63b84eb177a7044bceaa4) Importer(815301076,1909f56bfc062723c751e8b465ee728b)  -> (artifact id: 'b92ec583a69865950c0208818b3499a4') in 0.076271 seconds 
========================================================================
Received Import Request.
  Time since last request: 0.247303 seconds.
  path: Assets/Escenario/dry-dirt2-albedo.jpg
  artifactKey: Guid(eb54655e98c6dab41bbfcfb0e74e71d3) Importer(815301076,1909f56bfc062723c751e8b465ee728b)
Start importing Assets/Escenario/dry-dirt2-albedo.jpg using Guid(eb54655e98c6dab41bbfcfb0e74e71d3) Importer(815301076,1909f56bfc062723c751e8b465ee728b)  -> (artifact id: '56d00c1d8e530023a9b67bf6d1de852b') in 0.123748 seconds 
========================================================================
Received Import Request.
  Time since last request: 0.000429 seconds.
  path: Assets/Escenario/e29a012e930af0492aa9c9932fefd163 2.png
  artifactKey: Guid(0e8dc27ff54f89a448a388ddd7976372) Importer(815301076,1909f56bfc062723c751e8b465ee728b)
Start importing Assets/Escenario/e29a012e930af0492aa9c9932fefd163 2.png using Guid(0e8dc27ff54f89a448a388ddd7976372) Importer(815301076,1909f56bfc062723c751e8b465ee728b)  -> (artifact id: '0979d15595d646720a84d51c0b5f8471') in 0.075357 seconds 
========================================================================
Received Import Request.
  Time since last request: 13.938983 seconds.
  path: Assets/Escenario/e430c22ec4684543d45694abf366a1df 1.png
  artifactKey: Guid(54f1b386cac0a6a46bc13df3c306dbc1) Importer(815301076,1909f56bfc062723c751e8b465ee728b)
Start importing Assets/Escenario/e430c22ec4684543d45694abf366a1df 1.png using Guid(54f1b386cac0a6a46bc13df3c306dbc1) Importer(815301076,1909f56bfc062723c751e8b465ee728b)  -> (artifact id: '7be911cf359332b159ecc42dd0602d3e') in 0.085969 seconds 
========================================================================
Received Import Request.
  Time since last request: 0.000192 seconds.
  path: Assets/Escenario/Group 34.png
  artifactKey: Guid(064de1e5b4ef7b14eb25425ac88bc707) Importer(815301076,1909f56bfc062723c751e8b465ee728b)
Start importing Assets/Escenario/Group 34.png using Guid(064de1e5b4ef7b14eb25425ac88bc707) Importer(815301076,1909f56bfc062723c751e8b465ee728b)  -> (artifact id: '35c992ba854c23eaed7be8de5618028f') in 0.232924 seconds 
========================================================================
Received Import Request.
  Time since last request: 0.001089 seconds.
  path: Assets/Escenario/texturabarrera.png
  artifactKey: Guid(06e1bc83767adfa40a10b47981844cd0) Importer(815301076,1909f56bfc062723c751e8b465ee728b)
Start importing Assets/Escenario/texturabarrera.png using Guid(06e1bc83767adfa40a10b47981844cd0) Importer(815301076,1909f56bfc062723c751e8b465ee728b)  -> (artifact id: '8787f487b44d546e6b60f0cb3d7e9819') in 0.411060 seconds 
Editor requested this worker to shutdown with reason: Scaling down because of idle timeout
AssetImportWorker is now disconnected from the server
Process exiting
Exiting without the bug reporter. Application will terminate with return code 0