Using pre-set license
Built from '2021.3/evg/staging/82bb020e-b03b1330/draft-0' branch; Version is '2021.3.16f1 (4016570cf34f) revision 4200023'; Using compiler version '192829333'; Build Type 'Release'
OS: 'Windows 10  (10.0.19045) 64bit Professional' Language: 'es' Physical Memory: 16223 MB
BatchMode: 1, IsHumanControllingUs: 0, StartBugReporterOnCrash: 0, Is64bit: 1, IsPro: 1

COMMAND LINE ARGUMENTS:
C:\Program Files\Unity\Hub\Editor\2021.3.16f1\Editor\Unity.exe
-adb2
-batchMode
-noUpm
-name
AssetImportWorker3
-projectPath
C:/Users/rocio/Documents/GitHub/TP-GAME
-logFile
Logs/AssetImportWorker3.log
-srvPort
65439
Successfully changed project path to: C:/Users/rocio/Documents/GitHub/TP-GAME
C:/Users/rocio/Documents/GitHub/TP-GAME
[UnityMemory] Configuration Parameters - Can be set up in boot.config
    "memorysetup-bucket-allocator-granularity=16"
    "memorysetup-bucket-allocator-bucket-count=8"
    "memorysetup-bucket-allocator-block-size=33554432"
    "memorysetup-bucket-allocator-block-count=8"
    "memorysetup-main-allocator-block-size=16777216"
    "memorysetup-thread-allocator-block-size=16777216"
    "memorysetup-gfx-main-allocator-block-size=16777216"
    "memorysetup-gfx-thread-allocator-block-size=16777216"
    "memorysetup-cache-allocator-block-size=4194304"
    "memorysetup-typetree-allocator-block-size=2097152"
    "memorysetup-profiler-bucket-allocator-granularity=16"
    "memorysetup-profiler-bucket-allocator-bucket-count=8"
    "memorysetup-profiler-bucket-allocator-block-size=33554432"
    "memorysetup-profiler-bucket-allocator-block-count=8"
    "memorysetup-profiler-allocator-block-size=16777216"
    "memorysetup-profiler-editor-allocator-block-size=1048576"
    "memorysetup-temp-allocator-size-main=16777216"
    "memorysetup-job-temp-allocator-block-size=2097152"
    "memorysetup-job-temp-allocator-block-size-background=1048576"
    "memorysetup-job-temp-allocator-reduction-small-platforms=262144"
    "memorysetup-temp-allocator-size-background-worker=32768"
    "memorysetup-temp-allocator-size-job-worker=262144"
    "memorysetup-temp-allocator-size-preload-manager=33554432"
    "memorysetup-temp-allocator-size-nav-mesh-worker=65536"
    "memorysetup-temp-allocator-size-audio-worker=65536"
    "memorysetup-temp-allocator-size-cloud-worker=32768"
    "memorysetup-temp-allocator-size-gi-baking-worker=262144"
    "memorysetup-temp-allocator-size-gfx=262144"
Player connection [13800] Host "[IP] 192.168.1.127 [Port] 0 [Flags] 2 [Guid] 3355798369 [EditorId] 3355798369 [Version] 1048832 [Id] WindowsEditor(7,DESKTOP-HV5EPP2) [Debug] 1 [PackageName] WindowsEditor [ProjectName] Editor" joined multi-casting on [225.0.0.222:54997]...

Player connection [13800] Host "[IP] 192.168.1.127 [Port] 0 [Flags] 2 [Guid] 3355798369 [EditorId] 3355798369 [Version] 1048832 [Id] WindowsEditor(7,DESKTOP-HV5EPP2) [Debug] 1 [PackageName] WindowsEditor [ProjectName] Editor" joined alternative multi-casting on [225.0.0.222:34997]...

Refreshing native plugins compatible for Editor in 499.83 ms, found 3 plugins.
Preloading 0 native plugins for Editor in 0.00 ms.
Initialize engine version: 2021.3.16f1 (4016570cf34f)
[Subsystems] Discovering subsystems at path C:/Program Files/Unity/Hub/Editor/2021.3.16f1/Editor/Data/Resources/UnitySubsystems
[Subsystems] Discovering subsystems at path C:/Users/rocio/Documents/GitHub/TP-GAME/Assets
GfxDevice: creating device client; threaded=0; jobified=0
Direct3D:
    Version:  Direct3D 11.0 [level 11.1]
    Renderer: Intel(R) HD Graphics 620 (ID=0x5916)
    Vendor:   Intel
    VRAM:     8111 MB
    Driver:   23.20.16.4973
Initialize mono
Mono path[0] = 'C:/Program Files/Unity/Hub/Editor/2021.3.16f1/Editor/Data/Managed'
Mono path[1] = 'C:/Program Files/Unity/Hub/Editor/2021.3.16f1/Editor/Data/MonoBleedingEdge/lib/mono/unityjit-win32'
Mono config path = 'C:/Program Files/Unity/Hub/Editor/2021.3.16f1/Editor/Data/MonoBleedingEdge/etc'
Using monoOptions --debugger-agent=transport=dt_socket,embedding=1,server=y,suspend=n,address=127.0.0.1:56976
Begin MonoManager ReloadAssembly
Registering precompiled unity dll's ...
Register platform support module: C:/Program Files/Unity/Hub/Editor/2021.3.16f1/Editor/Data/PlaybackEngines/WindowsStandaloneSupport/UnityEditor.WindowsStandalone.Extensions.dll
Registered in 0.016738 seconds.
Native extension for WindowsStandalone target not found
Refreshing native plugins compatible for Editor in 380.82 ms, found 3 plugins.
Preloading 0 native plugins for Editor in 0.00 ms.
Mono: successfully reloaded assembly
- Completed reload, in  2.448 seconds
Domain Reload Profiling:
	ReloadAssembly (2449ms)
		BeginReloadAssembly (267ms)
			ExecutionOrderSort (0ms)
			DisableScriptedObjects (0ms)
			BackupInstance (0ms)
			ReleaseScriptingObjects (0ms)
			CreateAndSetChildDomain (2ms)
		EndReloadAssembly (1798ms)
			LoadAssemblies (262ms)
			RebuildTransferFunctionScriptingTraits (0ms)
			SetupTypeCache (446ms)
			ReleaseScriptCaches (0ms)
			RebuildScriptCaches (81ms)
			SetupLoadedEditorAssemblies (1083ms)
				LogAssemblyErrors (0ms)
				InitializePlatformSupportModulesInManaged (20ms)
				SetLoadedEditorAssemblies (1ms)
				RefreshPlugins (381ms)
				BeforeProcessingInitializeOnLoad (4ms)
				ProcessInitializeOnLoadAttributes (498ms)
				ProcessInitializeOnLoadMethodAttributes (179ms)
				AfterProcessingInitializeOnLoad (0ms)
				EditorAssembliesLoaded (0ms)
			ExecutionOrderSort2 (0ms)
			AwakeInstancesAfterBackupRestoration (0ms)
Platform modules already initialized, skipping
Registering precompiled user dll's ...
Registered in 0.023703 seconds.
Begin MonoManager ReloadAssembly
Symbol file LoadedFromMemory doesn't match image C:\Users\rocio\Documents\GitHub\TP-GAME\Library\PackageCache\com.unity.visualscripting@1.7.8\Editor\VisualScripting.Core\Dependencies\YamlDotNet\Unity.VisualScripting.YamlDotNet.dll
Symbol file LoadedFromMemory doesn't match image C:\Users\rocio\Documents\GitHub\TP-GAME\Library\PackageCache\com.unity.visualscripting@1.7.8\Editor\VisualScripting.Core\Dependencies\DotNetZip\Unity.VisualScripting.IonicZip.dll
Native extension for WindowsStandalone target not found
Refreshing native plugins compatible for Editor in 160.95 ms, found 3 plugins.
Preloading 0 native plugins for Editor in 0.00 ms.
Mono: successfully reloaded assembly
- Completed reload, in  2.450 seconds
Domain Reload Profiling:
	ReloadAssembly (2451ms)
		BeginReloadAssembly (201ms)
			ExecutionOrderSort (0ms)
			DisableScriptedObjects (9ms)
			BackupInstance (0ms)
			ReleaseScriptingObjects (0ms)
			CreateAndSetChildDomain (46ms)
		EndReloadAssembly (1958ms)
			LoadAssemblies (157ms)
			RebuildTransferFunctionScriptingTraits (0ms)
			SetupTypeCache (541ms)
			ReleaseScriptCaches (2ms)
			RebuildScriptCaches (108ms)
			SetupLoadedEditorAssemblies (1023ms)
				LogAssemblyErrors (0ms)
				InitializePlatformSupportModulesInManaged (17ms)
				SetLoadedEditorAssemblies (0ms)
				RefreshPlugins (161ms)
				BeforeProcessingInitializeOnLoad (227ms)
				ProcessInitializeOnLoadAttributes (465ms)
				ProcessInitializeOnLoadMethodAttributes (141ms)
				AfterProcessingInitializeOnLoad (11ms)
				EditorAssembliesLoaded (0ms)
			ExecutionOrderSort2 (0ms)
			AwakeInstancesAfterBackupRestoration (9ms)
Platform modules already initialized, skipping
========================================================================
Worker process is ready to serve import requests
Launched and connected shader compiler UnityShaderCompiler.exe after 0.07 seconds
Refreshing native plugins compatible for Editor in 1.07 ms, found 3 plugins.
Preloading 0 native plugins for Editor in 0.00 ms.
Unloading 5410 Unused Serialized files (Serialized files now loaded: 0)
Unloading 51 unused Assets / (1.9 MB). Loaded Objects now: 5856.
Memory consumption went from 221.5 MB to 219.5 MB.
Total: 6.021300 ms (FindLiveObjects: 0.513500 ms CreateObjectMapping: 0.494300 ms MarkObjects: 4.440300 ms  DeleteObjects: 0.571400 ms)

AssetImportParameters requested are different than current active one (requested -> active):
  custom:video-decoder-ogg-theora: a1e56fd34408186e4bbccfd4996cb3dc -> 
  custom:container-muxer-webm: aa71ff27fc2769a1b78a27578f13a17b -> 
  custom:container-demuxer-webm: 4f35f7cbe854078d1ac9338744f61a02 -> 
  custom:video-encoder-webm-vp8: eb34c28f22e8b96e1ab97ce403110664 -> 
  custom:audio-encoder-webm-vorbis: bf7c407c2cedff20999df2af8eb42d56 -> 
  custom:framework-win-MediaFoundation: 216162199b28c13a410421893ffa2e32 -> 
  custom:container-demuxer-ogg: 62fdf1f143b41e24485cea50d1cbac27 -> 
  custom:video-decoder-webm-vp8: 9c59270c3fd7afecdb556c50c9e8de78 -> 
  custom:audio-decoder-ogg-vorbis: bf7c407c2cedff20999df2af8eb42d56 -> 
========================================================================
Received Import Request.
  Time since last request: 737694.474596 seconds.
  path: Assets/Escenario/a9d6074a689d4ba9e07ce27fa6f9d81a 1.png
  artifactKey: Guid(ee5d23f9612e2a14ba21f17709cd1bce) Importer(815301076,1909f56bfc062723c751e8b465ee728b)
Start importing Assets/Escenario/a9d6074a689d4ba9e07ce27fa6f9d81a 1.png using Guid(ee5d23f9612e2a14ba21f17709cd1bce) Importer(815301076,1909f56bfc062723c751e8b465ee728b)  -> (artifact id: '0dbf8b16b132c5589c0578eb1048082f') in 0.185695 seconds 
========================================================================
Received Import Request.
  Time since last request: 0.137997 seconds.
  path: Assets/Escenario/atlas1.png
  artifactKey: Guid(074ea4ba45f179f49b64db258e603066) Importer(815301076,1909f56bfc062723c751e8b465ee728b)
Start importing Assets/Escenario/atlas1.png using Guid(074ea4ba45f179f49b64db258e603066) Importer(815301076,1909f56bfc062723c751e8b465ee728b)  -> (artifact id: 'b7db60fff3a5911d4c8e057ef6a83ff7') in 0.154857 seconds 
========================================================================
Received Import Request.
  Time since last request: 0.154336 seconds.
  path: Assets/Escenario/dry-dirt2-normal2.jpg
  artifactKey: Guid(2a30d0d5481eec3419f810ffdf2193c9) Importer(815301076,1909f56bfc062723c751e8b465ee728b)
Start importing Assets/Escenario/dry-dirt2-normal2.jpg using Guid(2a30d0d5481eec3419f810ffdf2193c9) Importer(815301076,1909f56bfc062723c751e8b465ee728b)  -> (artifact id: '922686884509fe1cc3631eaf6eaf7780') in 0.336414 seconds 
========================================================================
Received Import Request.
  Time since last request: 13.935419 seconds.
  path: Assets/Escenario/Fence007A_8K-JPG_Color.jpg
  artifactKey: Guid(9d3d7f511ff269042aa33919ef0139f2) Importer(815301076,1909f56bfc062723c751e8b465ee728b)
Start importing Assets/Escenario/Fence007A_8K-JPG_Color.jpg using Guid(9d3d7f511ff269042aa33919ef0139f2) Importer(815301076,1909f56bfc062723c751e8b465ee728b)  -> (artifact id: '7d644a528b452f47f7f261910275affa') in 0.133296 seconds 
========================================================================
Received Import Request.
  Time since last request: 0.000095 seconds.
  path: Assets/Escenario/painted-cmu-block-stretcher-5f2b0ffd2cdfe-1200 2.png
  artifactKey: Guid(2c0d0634b0427d5489685845e1dbe53c) Importer(815301076,1909f56bfc062723c751e8b465ee728b)
Start importing Assets/Escenario/painted-cmu-block-stretcher-5f2b0ffd2cdfe-1200 2.png using Guid(2c0d0634b0427d5489685845e1dbe53c) Importer(815301076,1909f56bfc062723c751e8b465ee728b)  -> (artifact id: '9e562750bc2dbb4d0efdb9581bd6aea0') in 0.154381 seconds 
========================================================================
Received Import Request.
  Time since last request: 0.000043 seconds.
  path: Assets/Escenario/Marble01_rgh.jpg
  artifactKey: Guid(a37fe8ac50869dd4295150770eb06b26) Importer(815301076,1909f56bfc062723c751e8b465ee728b)
Start importing Assets/Escenario/Marble01_rgh.jpg using Guid(a37fe8ac50869dd4295150770eb06b26) Importer(815301076,1909f56bfc062723c751e8b465ee728b)  -> (artifact id: '3c5c1ea410cfead65a325a7f75dab325') in 0.157520 seconds 
========================================================================
Received Import Request.
  Time since last request: 0.000055 seconds.
  path: Assets/Escenario/granitesmooth1-normal2.jpg
  artifactKey: Guid(8c3445882347ec6449f3df9386f3fa44) Importer(815301076,1909f56bfc062723c751e8b465ee728b)
Start importing Assets/Escenario/granitesmooth1-normal2.jpg using Guid(8c3445882347ec6449f3df9386f3fa44) Importer(815301076,1909f56bfc062723c751e8b465ee728b)  -> (artifact id: '9f8f9350803d433b4d283b96fc13f0f8') in 0.330289 seconds 
========================================================================
Received Import Request.
  Time since last request: 70.548498 seconds.
  path: Assets/Escenario/b863970922a37bc236ad777e7e884068 1.png
  artifactKey: Guid(4f2b70d0c08577c4589738d2a478adb5) Importer(815301076,1909f56bfc062723c751e8b465ee728b)
Start importing Assets/Escenario/b863970922a37bc236ad777e7e884068 1.png using Guid(4f2b70d0c08577c4589738d2a478adb5) Importer(815301076,1909f56bfc062723c751e8b465ee728b)  -> (artifact id: '2f4811da340ae45fe5a380fb0338633f') in 0.063596 seconds 
========================================================================
Received Import Request.
  Time since last request: 0.000049 seconds.
  path: Assets/Escenario/ba7e08d5672187382bcf8483116d5c05 1.png
  artifactKey: Guid(ea1be4e1d5b8d5844ad6ffe9daadaf5e) Importer(815301076,1909f56bfc062723c751e8b465ee728b)
Start importing Assets/Escenario/ba7e08d5672187382bcf8483116d5c05 1.png using Guid(ea1be4e1d5b8d5844ad6ffe9daadaf5e) Importer(815301076,1909f56bfc062723c751e8b465ee728b)  -> (artifact id: 'b48588e07553f1c9032ebce68daa938c') in 0.079258 seconds 
========================================================================
Received Import Request.
  Time since last request: 0.000165 seconds.
  path: Assets/Escenario/e29a012e930af0492aa9c9932fefd163 1.png
  artifactKey: Guid(1dec607c88c00504a8fe535a9049f8f2) Importer(815301076,1909f56bfc062723c751e8b465ee728b)
Start importing Assets/Escenario/e29a012e930af0492aa9c9932fefd163 1.png using Guid(1dec607c88c00504a8fe535a9049f8f2) Importer(815301076,1909f56bfc062723c751e8b465ee728b)  -> (artifact id: '1c171661e805115440d2e14cda56b45c') in 0.105643 seconds 
========================================================================
Received Import Request.
  Time since last request: 0.581239 seconds.
  path: Assets/Escenario/e512a2c5b7066062284ae04ebddc4b9e 1.png
  artifactKey: Guid(685541090ff1fe348a1bb6cdbb156b50) Importer(815301076,1909f56bfc062723c751e8b465ee728b)
Start importing Assets/Escenario/e512a2c5b7066062284ae04ebddc4b9e 1.png using Guid(685541090ff1fe348a1bb6cdbb156b50) Importer(815301076,1909f56bfc062723c751e8b465ee728b)  -> (artifact id: '3fb16011dcfab713626a4fe53c41344a') in 0.073076 seconds 
========================================================================
Received Import Request.
  Time since last request: 4.059876 seconds.
  path: Assets/Escenario/83514f10bc992e5bac73e09eb96fe955 1.png
  artifactKey: Guid(dec55c772ea0adc48936ed22632ea38e) Importer(815301076,1909f56bfc062723c751e8b465ee728b)
Start importing Assets/Escenario/83514f10bc992e5bac73e09eb96fe955 1.png using Guid(dec55c772ea0adc48936ed22632ea38e) Importer(815301076,1909f56bfc062723c751e8b465ee728b)  -> (artifact id: 'ca59a13c615a710f5f58397c0cb5d6c4') in 0.124224 seconds 
========================================================================
Received Prepare
Registering precompiled user dll's ...
Registered in 0.014128 seconds.
Begin MonoManager ReloadAssembly
Symbol file LoadedFromMemory doesn't match image C:\Users\rocio\Documents\GitHub\TP-GAME\Library\PackageCache\com.unity.visualscripting@1.7.8\Editor\VisualScripting.Core\Dependencies\YamlDotNet\Unity.VisualScripting.YamlDotNet.dll
Symbol file LoadedFromMemory doesn't match image C:\Users\rocio\Documents\GitHub\TP-GAME\Library\PackageCache\com.unity.visualscripting@1.7.8\Editor\VisualScripting.Core\Dependencies\DotNetZip\Unity.VisualScripting.IonicZip.dll
Native extension for WindowsStandalone target not found
Refreshing native plugins compatible for Editor in 3.44 ms, found 3 plugins.
Preloading 0 native plugins for Editor in 0.00 ms.
Mono: successfully reloaded assembly
- Completed reload, in  8.406 seconds
Domain Reload Profiling:
	ReloadAssembly (8407ms)
		BeginReloadAssembly (913ms)
			ExecutionOrderSort (0ms)
			DisableScriptedObjects (19ms)
			BackupInstance (0ms)
			ReleaseScriptingObjects (0ms)
			CreateAndSetChildDomain (225ms)
		EndReloadAssembly (6252ms)
			LoadAssemblies (985ms)
			RebuildTransferFunctionScriptingTraits (0ms)
			SetupTypeCache (4068ms)
			ReleaseScriptCaches (3ms)
			RebuildScriptCaches (114ms)
			SetupLoadedEditorAssemblies (1246ms)
				LogAssemblyErrors (0ms)
				InitializePlatformSupportModulesInManaged (26ms)
				SetLoadedEditorAssemblies (1ms)
				RefreshPlugins (4ms)
				BeforeProcessingInitializeOnLoad (261ms)
				ProcessInitializeOnLoadAttributes (731ms)
				ProcessInitializeOnLoadMethodAttributes (201ms)
				AfterProcessingInitializeOnLoad (22ms)
				EditorAssembliesLoaded (0ms)
			ExecutionOrderSort2 (0ms)
			AwakeInstancesAfterBackupRestoration (56ms)
Platform modules already initialized, skipping
Refreshing native plugins compatible for Editor in 3.47 ms, found 3 plugins.
Preloading 0 native plugins for Editor in 0.00 ms.
Unloading 5245 Unused Serialized files (Serialized files now loaded: 0)
Unloading 40 unused Assets / (1.9 MB). Loaded Objects now: 5865.
Memory consumption went from 212.6 MB to 210.6 MB.
Total: 18.808300 ms (FindLiveObjects: 1.499900 ms CreateObjectMapping: 1.431500 ms MarkObjects: 14.959400 ms  DeleteObjects: 0.915400 ms)

AssetImportParameters requested are different than current active one (requested -> active):
  custom:video-decoder-ogg-theora: a1e56fd34408186e4bbccfd4996cb3dc -> 
  custom:container-muxer-webm: aa71ff27fc2769a1b78a27578f13a17b -> 
  custom:container-demuxer-webm: 4f35f7cbe854078d1ac9338744f61a02 -> 
  custom:video-encoder-webm-vp8: eb34c28f22e8b96e1ab97ce403110664 -> 
  custom:audio-encoder-webm-vorbis: bf7c407c2cedff20999df2af8eb42d56 -> 
  custom:framework-win-MediaFoundation: 216162199b28c13a410421893ffa2e32 -> 
  custom:container-demuxer-ogg: 62fdf1f143b41e24485cea50d1cbac27 -> 
  custom:video-decoder-webm-vp8: 9c59270c3fd7afecdb556c50c9e8de78 -> 
  custom:audio-decoder-ogg-vorbis: bf7c407c2cedff20999df2af8eb42d56 -> 
========================================================================
Received Prepare
Registering precompiled user dll's ...
Registered in 0.014459 seconds.
Begin MonoManager ReloadAssembly
Symbol file LoadedFromMemory doesn't match image C:\Users\rocio\Documents\GitHub\TP-GAME\Library\PackageCache\com.unity.visualscripting@1.7.8\Editor\VisualScripting.Core\Dependencies\YamlDotNet\Unity.VisualScripting.YamlDotNet.dll
Symbol file LoadedFromMemory doesn't match image C:\Users\rocio\Documents\GitHub\TP-GAME\Library\PackageCache\com.unity.visualscripting@1.7.8\Editor\VisualScripting.Core\Dependencies\DotNetZip\Unity.VisualScripting.IonicZip.dll
Native extension for WindowsStandalone target not found
Refreshing native plugins compatible for Editor in 1.87 ms, found 3 plugins.
Preloading 0 native plugins for Editor in 0.00 ms.
Mono: successfully reloaded assembly
- Completed reload, in  7.144 seconds
Domain Reload Profiling:
	ReloadAssembly (7145ms)
		BeginReloadAssembly (725ms)
			ExecutionOrderSort (0ms)
			DisableScriptedObjects (18ms)
			BackupInstance (0ms)
			ReleaseScriptingObjects (0ms)
			CreateAndSetChildDomain (120ms)
		EndReloadAssembly (4932ms)
			LoadAssemblies (847ms)
			RebuildTransferFunctionScriptingTraits (0ms)
			SetupTypeCache (2799ms)
			ReleaseScriptCaches (3ms)
			RebuildScriptCaches (120ms)
			SetupLoadedEditorAssemblies (1349ms)
				LogAssemblyErrors (0ms)
				InitializePlatformSupportModulesInManaged (34ms)
				SetLoadedEditorAssemblies (1ms)
				RefreshPlugins (2ms)
				BeforeProcessingInitializeOnLoad (291ms)
				ProcessInitializeOnLoadAttributes (668ms)
				ProcessInitializeOnLoadMethodAttributes (333ms)
				AfterProcessingInitializeOnLoad (19ms)
				EditorAssembliesLoaded (0ms)
			ExecutionOrderSort2 (0ms)
			AwakeInstancesAfterBackupRestoration (19ms)
Platform modules already initialized, skipping
Refreshing native plugins compatible for Editor in 4.25 ms, found 3 plugins.
Preloading 0 native plugins for Editor in 0.00 ms.
Unloading 5245 Unused Serialized files (Serialized files now loaded: 0)
Unloading 40 unused Assets / (1.9 MB). Loaded Objects now: 5868.
Memory consumption went from 212.6 MB to 210.7 MB.
Total: 7.373200 ms (FindLiveObjects: 0.577500 ms CreateObjectMapping: 0.480700 ms MarkObjects: 5.533500 ms  DeleteObjects: 0.780300 ms)

AssetImportParameters requested are different than current active one (requested -> active):
  custom:video-decoder-ogg-theora: a1e56fd34408186e4bbccfd4996cb3dc -> 
  custom:container-muxer-webm: aa71ff27fc2769a1b78a27578f13a17b -> 
  custom:container-demuxer-webm: 4f35f7cbe854078d1ac9338744f61a02 -> 
  custom:video-encoder-webm-vp8: eb34c28f22e8b96e1ab97ce403110664 -> 
  custom:audio-encoder-webm-vorbis: bf7c407c2cedff20999df2af8eb42d56 -> 
  custom:framework-win-MediaFoundation: 216162199b28c13a410421893ffa2e32 -> 
  custom:container-demuxer-ogg: 62fdf1f143b41e24485cea50d1cbac27 -> 
  custom:video-decoder-webm-vp8: 9c59270c3fd7afecdb556c50c9e8de78 -> 
  custom:audio-decoder-ogg-vorbis: bf7c407c2cedff20999df2af8eb42d56 -> 
